Nov 29 22:18:49 ip-10-0-0-61 rsyslogd: [origin software="rsyslogd" swVersion="8.16.0" x-pid="1464" x-info="http://www.rsyslog.com"] start
Nov 29 22:18:49 ip-10-0-0-61 rsyslogd-2222: command 'KLogPermitNonKernelFacility' is currently not permitted - did you already set it via a RainerScript command (v6+ config)? [v8.16.0 try http://www.rsyslog.com/e/2222 ]
Nov 29 22:18:49 ip-10-0-0-61 rsyslogd: rsyslogd's groupid changed to 108
Nov 29 22:18:49 ip-10-0-0-61 rsyslogd: rsyslogd's userid changed to 104
Nov 29 22:18:49 ip-10-0-0-61 systemd-modules-load[649]: Inserted module 'iscsi_tcp'
Nov 29 22:18:49 ip-10-0-0-61 loadkeys[677]: Loading /etc/console-setup/cached.kmap.gz
Nov 29 22:18:49 ip-10-0-0-61 systemd-modules-load[649]: Inserted module 'ib_iser'
Nov 29 22:18:49 ip-10-0-0-61 systemd[1]: Started Load Kernel Modules.
Nov 29 22:18:49 ip-10-0-0-61 systemd[1]: Started Create list of required static device nodes for the current kernel.
Nov 29 22:18:49 ip-10-0-0-61 systemd[1]: Started Uncomplicated firewall.
Nov 29 22:18:49 ip-10-0-0-61 systemd[1]: Started Remount Root and Kernel File Systems.
Nov 29 22:18:49 ip-10-0-0-61 systemd[1]: Started Set console keymap.
Nov 29 22:18:49 ip-10-0-0-61 systemd[1]: Started Nameserver information manager.
Nov 29 22:18:49 ip-10-0-0-61 systemd[1]: Started LVM2 metadata daemon.
Nov 29 22:18:49 ip-10-0-0-61 systemd[1]: Starting udev Coldplug all Devices...
Nov 29 22:18:49 ip-10-0-0-61 systemd[1]: Starting Load/Save Random Seed...
Nov 29 22:18:49 ip-10-0-0-61 systemd[1]: Starting Create Static Device Nodes in /dev...
Nov 29 22:18:49 ip-10-0-0-61 systemd[1]: Starting Apply Kernel Variables...
Nov 29 22:18:49 ip-10-0-0-61 systemd[1]: Mounting FUSE Control File System...
Nov 29 22:18:49 ip-10-0-0-61 systemd[1]: Starting Flush Journal to Persistent Storage...
Nov 29 22:18:49 ip-10-0-0-61 systemd[1]: Mounted FUSE Control File System.
Nov 29 22:18:49 ip-10-0-0-61 systemd[1]: Started Load/Save Random Seed.
Nov 29 22:18:49 ip-10-0-0-61 systemd[1]: Started Apply Kernel Variables.
Nov 29 22:18:49 ip-10-0-0-61 systemd[1]: Started Flush Journal to Persistent Storage.
Nov 29 22:18:49 ip-10-0-0-61 systemd[1]: Started Create Static Device Nodes in /dev.
Nov 29 22:18:49 ip-10-0-0-61 systemd[1]: Starting udev Kernel Device Manager...
Nov 29 22:18:49 ip-10-0-0-61 systemd[1]: Started udev Coldplug all Devices.
Nov 29 22:18:49 ip-10-0-0-61 systemd[1]: Started udev Kernel Device Manager.
Nov 29 22:18:49 ip-10-0-0-61 systemd[1]: Started Dispatch Password Requests to Console Directory Watch.
Nov 29 22:18:49 ip-10-0-0-61 systemd[1]: Found device /dev/ttyS0.
Nov 29 22:18:49 ip-10-0-0-61 systemd[1]: Started Monitoring of LVM2 mirrors, snapshots etc. using dmeventd or progress polling.
Nov 29 22:18:49 ip-10-0-0-61 systemd[1]: Reached target Local File Systems (Pre).
Nov 29 22:18:49 ip-10-0-0-61 systemd[1]: Reached target Local File Systems.
Nov 29 22:18:49 ip-10-0-0-61 systemd[1]: Starting Create Volatile Files and Directories...
Nov 29 22:18:49 ip-10-0-0-61 systemd-tmpfiles[828]: [/usr/lib/tmpfiles.d/var.conf:14] Duplicate line for path "/var/log", ignoring.
Nov 29 22:18:49 ip-10-0-0-61 systemd[1]: Starting Commit a transient machine-id on disk...
Nov 29 22:18:49 ip-10-0-0-61 systemd[1]: Starting Initial cloud-init job (pre-networking)...
Nov 29 22:18:49 ip-10-0-0-61 systemd[1]: Starting LSB: AppArmor initialization...
Nov 29 22:18:49 ip-10-0-0-61 systemd[1]: Starting Set console font and keymap...
Nov 29 22:18:49 ip-10-0-0-61 systemd[1]: Starting Tell Plymouth To Write Out Runtime Data...
Nov 29 22:18:49 ip-10-0-0-61 systemd[1]: Started Create Volatile Files and Directories.
Nov 29 22:18:49 ip-10-0-0-61 systemd[1]: Started Commit a transient machine-id on disk.
Nov 29 22:18:49 ip-10-0-0-61 systemd[1]: Started Tell Plymouth To Write Out Runtime Data.
Nov 29 22:18:49 ip-10-0-0-61 systemd[1]: Listening on Load/Save RF Kill Switch Status /dev/rfkill Watch.
Nov 29 22:18:49 ip-10-0-0-61 apparmor[884]:  * Starting AppArmor profiles
Nov 29 22:18:49 ip-10-0-0-61 apparmor[884]: Skipping profile in /etc/apparmor.d/disable: usr.sbin.rsyslogd
Nov 29 22:18:49 ip-10-0-0-61 systemd[1]: Starting Update UTMP about System Boot/Shutdown...
Nov 29 22:18:49 ip-10-0-0-61 systemd[1]: Starting Network Time Synchronization...
Nov 29 22:18:49 ip-10-0-0-61 systemd[1]: Started Network Time Synchronization.
Nov 29 22:18:49 ip-10-0-0-61 systemd[1]: Started Update UTMP about System Boot/Shutdown.
Nov 29 22:18:49 ip-10-0-0-61 systemd[1]: Reached target System Time Synchronized.
Nov 29 22:18:49 ip-10-0-0-61 systemd[1]: Started Set console font and keymap.
Nov 29 22:18:49 ip-10-0-0-61 systemd[1]: Created slice system-getty.slice.
Nov 29 22:18:49 ip-10-0-0-61 apparmor[884]:    ...done.
Nov 29 22:18:49 ip-10-0-0-61 systemd[1]: Started LSB: AppArmor initialization.
Nov 29 22:18:49 ip-10-0-0-61 dhclient[1098]: Internet Systems Consortium DHCP Client 4.3.3
Nov 29 22:18:49 ip-10-0-0-61 dhclient[1098]: Copyright 2004-2015 Internet Systems Consortium.
Nov 29 22:18:49 ip-10-0-0-61 dhclient[1098]: All rights reserved.
Nov 29 22:18:49 ip-10-0-0-61 dhclient[1098]: For info, please visit https://www.isc.org/software/dhcp/
Nov 29 22:18:49 ip-10-0-0-61 dhclient[1098]: 
Nov 29 22:18:49 ip-10-0-0-61 dhclient[1098]: Listening on LPF/ens3/02:b2:d6:7b:32:1e
Nov 29 22:18:49 ip-10-0-0-61 dhclient[1098]: Sending on   LPF/ens3/02:b2:d6:7b:32:1e
Nov 29 22:18:49 ip-10-0-0-61 dhclient[1098]: Sending on   Socket/fallback
Nov 29 22:18:49 ip-10-0-0-61 dhclient[1098]: DHCPDISCOVER on ens3 to 255.255.255.255 port 67 interval 3 (xid=0x6facec36)
Nov 29 22:18:49 ip-10-0-0-61 dhclient[1098]: DHCPREQUEST of 10.0.0.61 on ens3 to 255.255.255.255 port 67 (xid=0x36ecac6f)
Nov 29 22:18:49 ip-10-0-0-61 dhclient[1098]: DHCPOFFER of 10.0.0.61 from 10.0.0.1
Nov 29 22:18:49 ip-10-0-0-61 dhclient[1098]: DHCPACK of 10.0.0.61 from 10.0.0.1
Nov 29 22:18:49 ip-10-0-0-61 dhclient[1098]: bound to 10.0.0.61 -- renewal in 1551 seconds.
Nov 29 22:18:49 ip-10-0-0-61 cloud-init[873]: Cloud-init v. 18.3-9-g2e62cb8a-0ubuntu1~16.04.2 running 'init-local' at Thu, 29 Nov 2018 22:18:47 +0000. Up 7.88 seconds.
Nov 29 22:18:49 ip-10-0-0-61 systemd[1]: Started Initial cloud-init job (pre-networking).
Nov 29 22:18:49 ip-10-0-0-61 systemd[1]: Reached target Network (Pre).
Nov 29 22:18:49 ip-10-0-0-61 systemd[1]: Starting Raise network interfaces...
Nov 29 22:18:49 ip-10-0-0-61 dhclient[1209]: Internet Systems Consortium DHCP Client 4.3.3
Nov 29 22:18:49 ip-10-0-0-61 ifup[1122]: Internet Systems Consortium DHCP Client 4.3.3
Nov 29 22:18:49 ip-10-0-0-61 ifup[1122]: Copyright 2004-2015 Internet Systems Consortium.
Nov 29 22:18:49 ip-10-0-0-61 ifup[1122]: All rights reserved.
Nov 29 22:18:49 ip-10-0-0-61 ifup[1122]: For info, please visit https://www.isc.org/software/dhcp/
Nov 29 22:18:49 ip-10-0-0-61 dhclient[1209]: Copyright 2004-2015 Internet Systems Consortium.
Nov 29 22:18:49 ip-10-0-0-61 dhclient[1209]: All rights reserved.
Nov 29 22:18:49 ip-10-0-0-61 dhclient[1209]: For info, please visit https://www.isc.org/software/dhcp/
Nov 29 22:18:49 ip-10-0-0-61 dhclient[1209]: 
Nov 29 22:18:49 ip-10-0-0-61 dhclient[1209]: Listening on LPF/ens3/02:b2:d6:7b:32:1e
Nov 29 22:18:49 ip-10-0-0-61 ifup[1122]: Listening on LPF/ens3/02:b2:d6:7b:32:1e
Nov 29 22:18:49 ip-10-0-0-61 ifup[1122]: Sending on   LPF/ens3/02:b2:d6:7b:32:1e
Nov 29 22:18:49 ip-10-0-0-61 ifup[1122]: Sending on   Socket/fallback
Nov 29 22:18:49 ip-10-0-0-61 ifup[1122]: DHCPDISCOVER on ens3 to 255.255.255.255 port 67 interval 3 (xid=0x96e2c31a)
Nov 29 22:18:49 ip-10-0-0-61 dhclient[1209]: Sending on   LPF/ens3/02:b2:d6:7b:32:1e
Nov 29 22:18:49 ip-10-0-0-61 ifup[1122]: DHCPREQUEST of 10.0.0.61 on ens3 to 255.255.255.255 port 67 (xid=0x1ac3e296)
Nov 29 22:18:49 ip-10-0-0-61 ifup[1122]: DHCPOFFER of 10.0.0.61 from 10.0.0.1
Nov 29 22:18:49 ip-10-0-0-61 ifup[1122]: DHCPACK of 10.0.0.61 from 10.0.0.1
Nov 29 22:18:49 ip-10-0-0-61 dhclient[1209]: Sending on   Socket/fallback
Nov 29 22:18:49 ip-10-0-0-61 dhclient[1209]: DHCPDISCOVER on ens3 to 255.255.255.255 port 67 interval 3 (xid=0x96e2c31a)
Nov 29 22:18:49 ip-10-0-0-61 dhclient[1209]: DHCPREQUEST of 10.0.0.61 on ens3 to 255.255.255.255 port 67 (xid=0x1ac3e296)
Nov 29 22:18:49 ip-10-0-0-61 dhclient[1209]: DHCPOFFER of 10.0.0.61 from 10.0.0.1
Nov 29 22:18:49 ip-10-0-0-61 dhclient[1209]: DHCPACK of 10.0.0.61 from 10.0.0.1
Nov 29 22:18:49 ip-10-0-0-61 dhclient[1209]: bound to 10.0.0.61 -- renewal in 1751 seconds.
Nov 29 22:18:49 ip-10-0-0-61 ifup[1122]: bound to 10.0.0.61 -- renewal in 1751 seconds.
Nov 29 22:18:49 ip-10-0-0-61 systemd[1]: Started Raise network interfaces.
Nov 29 22:18:49 ip-10-0-0-61 systemd[1]: Starting Initial cloud-init job (metadata service crawler)...
Nov 29 22:18:49 ip-10-0-0-61 systemd[1]: Reached target Network.
Nov 29 22:18:49 ip-10-0-0-61 cloud-init[1320]: Cloud-init v. 18.3-9-g2e62cb8a-0ubuntu1~16.04.2 running 'init' at Thu, 29 Nov 2018 22:18:48 +0000. Up 8.99 seconds.
Nov 29 22:18:49 ip-10-0-0-61 cloud-init[1320]: ci-info: ++++++++++++++++++++++++++++++++++++++Net device info++++++++++++++++++++++++++++++++++++++
Nov 29 22:18:49 ip-10-0-0-61 cloud-init[1320]: ci-info: +--------+------+----------------------------+---------------+--------+-------------------+
Nov 29 22:18:49 ip-10-0-0-61 cloud-init[1320]: ci-info: | Device |  Up  |          Address           |      Mask     | Scope  |     Hw-Address    |
Nov 29 22:18:49 ip-10-0-0-61 cloud-init[1320]: ci-info: +--------+------+----------------------------+---------------+--------+-------------------+
Nov 29 22:18:49 ip-10-0-0-61 cloud-init[1320]: ci-info: |  ens3  | True |         10.0.0.61          | 255.255.255.0 | global | 02:b2:d6:7b:32:1e |
Nov 29 22:18:49 ip-10-0-0-61 cloud-init[1320]: ci-info: |  ens3  | True | fe80::b2:d6ff:fe7b:321e/64 |       .       |  link  | 02:b2:d6:7b:32:1e |
Nov 29 22:18:49 ip-10-0-0-61 cloud-init[1320]: ci-info: |   lo   | True |         127.0.0.1          |   255.0.0.0   |  host  |         .         |
Nov 29 22:18:49 ip-10-0-0-61 cloud-init[1320]: ci-info: |   lo   | True |          ::1/128           |       .       |  host  |         .         |
Nov 29 22:18:49 ip-10-0-0-61 cloud-init[1320]: ci-info: +--------+------+----------------------------+---------------+--------+-------------------+
Nov 29 22:18:49 ip-10-0-0-61 cloud-init[1320]: ci-info: +++++++++++++++++++++++++++Route IPv4 info++++++++++++++++++++++++++++
Nov 29 22:18:49 ip-10-0-0-61 cloud-init[1320]: ci-info: +-------+-------------+----------+---------------+-----------+-------+
Nov 29 22:18:49 ip-10-0-0-61 cloud-init[1320]: ci-info: | Route | Destination | Gateway  |    Genmask    | Interface | Flags |
Nov 29 22:18:49 ip-10-0-0-61 cloud-init[1320]: ci-info: +-------+-------------+----------+---------------+-----------+-------+
Nov 29 22:18:49 ip-10-0-0-61 cloud-init[1320]: ci-info: |   0   |   0.0.0.0   | 10.0.0.1 |    0.0.0.0    |    ens3   |   UG  |
Nov 29 22:18:49 ip-10-0-0-61 cloud-init[1320]: ci-info: |   1   |   10.0.0.0  | 0.0.0.0  | 255.255.255.0 |    ens3   |   U   |
Nov 29 22:18:49 ip-10-0-0-61 cloud-init[1320]: ci-info: +-------+-------------+----------+---------------+-----------+-------+
Nov 29 22:18:49 ip-10-0-0-61 cloud-init[1320]: ci-info: +++++++++++++++++++Route IPv6 info+++++++++++++++++++
Nov 29 22:18:49 ip-10-0-0-61 cloud-init[1320]: ci-info: +-------+-------------+---------+-----------+-------+
Nov 29 22:18:49 ip-10-0-0-61 cloud-init[1320]: ci-info: | Route | Destination | Gateway | Interface | Flags |
Nov 29 22:18:49 ip-10-0-0-61 cloud-init[1320]: ci-info: +-------+-------------+---------+-----------+-------+
Nov 29 22:18:49 ip-10-0-0-61 cloud-init[1320]: ci-info: |   0   |  fe80::/64  |    ::   |    ens3   |   U   |
Nov 29 22:18:49 ip-10-0-0-61 cloud-init[1320]: ci-info: |   3   |   ff00::/8  |    ::   |    ens3   |   U   |
Nov 29 22:18:49 ip-10-0-0-61 cloud-init[1320]: ci-info: +-------+-------------+---------+-----------+-------+
Nov 29 22:18:49 ip-10-0-0-61 cloud-init[1320]: Generating public/private rsa key pair.
Nov 29 22:18:49 ip-10-0-0-61 cloud-init[1320]: Your identification has been saved in /etc/ssh/ssh_host_rsa_key.
Nov 29 22:18:49 ip-10-0-0-61 cloud-init[1320]: Your public key has been saved in /etc/ssh/ssh_host_rsa_key.pub.
Nov 29 22:18:49 ip-10-0-0-61 cloud-init[1320]: The key fingerprint is:
Nov 29 22:18:49 ip-10-0-0-61 cloud-init[1320]: SHA256:YUuSdl1mvrz939NJAMz4hgtFPF7wEbpHYDIqALa5EVQ root@ip-10-0-0-61
Nov 29 22:18:49 ip-10-0-0-61 cloud-init[1320]: The key's randomart image is:
Nov 29 22:18:49 ip-10-0-0-61 cloud-init[1320]: +---[RSA 2048]----+
Nov 29 22:18:49 ip-10-0-0-61 cloud-init[1320]: |+=.E   oo==o=    |
Nov 29 22:18:49 ip-10-0-0-61 cloud-init[1320]: |. =   ..+*+X.    |
Nov 29 22:18:49 ip-10-0-0-61 cloud-init[1320]: | + . .+ B.*oo    |
Nov 29 22:18:49 ip-10-0-0-61 cloud-init[1320]: |  o .. * =o+ o   |
Nov 29 22:18:49 ip-10-0-0-61 cloud-init[1320]: | .      S.o.o .  |
Nov 29 22:18:49 ip-10-0-0-61 cloud-init[1320]: |         ..  o . |
Nov 29 22:18:49 ip-10-0-0-61 cloud-init[1320]: |            . o o|
Nov 29 22:18:49 ip-10-0-0-61 cloud-init[1320]: |               +o|
Nov 29 22:18:49 ip-10-0-0-61 cloud-init[1320]: |                *|
Nov 29 22:18:49 ip-10-0-0-61 cloud-init[1320]: +----[SHA256]-----+
Nov 29 22:18:49 ip-10-0-0-61 cloud-init[1320]: Generating public/private dsa key pair.
Nov 29 22:18:49 ip-10-0-0-61 cloud-init[1320]: Your identification has been saved in /etc/ssh/ssh_host_dsa_key.
Nov 29 22:18:49 ip-10-0-0-61 cloud-init[1320]: Your public key has been saved in /etc/ssh/ssh_host_dsa_key.pub.
Nov 29 22:18:49 ip-10-0-0-61 cloud-init[1320]: The key fingerprint is:
Nov 29 22:18:49 ip-10-0-0-61 cloud-init[1320]: SHA256:L+GIsQi4x0wWRt5oVybYdL0P/08n7S8FsVIT3uaV2hg root@ip-10-0-0-61
Nov 29 22:18:49 ip-10-0-0-61 cloud-init[1320]: The key's randomart image is:
Nov 29 22:18:49 ip-10-0-0-61 cloud-init[1320]: +---[DSA 1024]----+
Nov 29 22:18:49 ip-10-0-0-61 cloud-init[1320]: |  .+o +.      .. |
Nov 29 22:18:49 ip-10-0-0-61 cloud-init[1320]: | o.o.=  .    .+..|
Nov 29 22:18:49 ip-10-0-0-61 cloud-init[1320]: |  * o    .   E.=+|
Nov 29 22:18:49 ip-10-0-0-61 cloud-init[1320]: |.o o    o   . Bo.|
Nov 29 22:18:49 ip-10-0-0-61 kernel: [    0.000000] Initializing cgroup subsys cpuset
Nov 29 22:18:49 ip-10-0-0-61 kernel: [    0.000000] Initializing cgroup subsys cpu
Nov 29 22:18:49 ip-10-0-0-61 kernel: [    0.000000] Initializing cgroup subsys cpuacct
Nov 29 22:18:49 ip-10-0-0-61 kernel: [    0.000000] Linux version 4.4.0-1067-aws (buildd@lgw01-amd64-033) (gcc version 5.4.0 20160609 (Ubuntu 5.4.0-6ubuntu1~16.04.10) ) #77-Ubuntu SMP Mon Aug 27 13:22:03 UTC 2018 (Ubuntu 4.4.0-1067.77-aws 4.4.140)
Nov 29 22:18:49 ip-10-0-0-61 kernel: [    0.000000] Command line: BOOT_IMAGE=/boot/vmlinuz-4.4.0-1067-aws root=LABEL=cloudimg-rootfs ro console=tty1 console=ttyS0 nvme.io_timeout=4294967295
Nov 29 22:18:49 ip-10-0-0-61 kernel: [    0.000000] KERNEL supported cpus:
Nov 29 22:18:49 ip-10-0-0-61 kernel: [    0.000000]   Intel GenuineIntel
Nov 29 22:18:49 ip-10-0-0-61 kernel: [    0.000000]   AMD AuthenticAMD
Nov 29 22:18:49 ip-10-0-0-61 kernel: [    0.000000]   Centaur CentaurHauls
Nov 29 22:18:49 ip-10-0-0-61 kernel: [    0.000000] x86/fpu: xstate_offset[2]:  576, xstate_sizes[2]:  256
Nov 29 22:18:49 ip-10-0-0-61 kernel: [    0.000000] x86/fpu: Supporting XSAVE feature 0x01: 'x87 floating point registers'
Nov 29 22:18:49 ip-10-0-0-61 kernel: [    0.000000] x86/fpu: Supporting XSAVE feature 0x02: 'SSE registers'
Nov 29 22:18:49 ip-10-0-0-61 kernel: [    0.000000] x86/fpu: Supporting XSAVE feature 0x04: 'AVX registers'
Nov 29 22:18:49 ip-10-0-0-61 kernel: [    0.000000] x86/fpu: Enabled xstate features 0x7, context size is 832 bytes, using 'standard' format.
Nov 29 22:18:49 ip-10-0-0-61 kernel: [    0.000000] e820: BIOS-provided physical RAM map:
Nov 29 22:18:49 ip-10-0-0-61 kernel: [    0.000000] BIOS-e820: [mem 0x0000000000000000-0x000000000009dfff] usable
Nov 29 22:18:49 ip-10-0-0-61 kernel: [    0.000000] BIOS-e820: [mem 0x000000000009e000-0x000000000009ffff] reserved
Nov 29 22:18:49 ip-10-0-0-61 kernel: [    0.000000] BIOS-e820: [mem 0x00000000000e0000-0x00000000000fffff] reserved
Nov 29 22:18:49 ip-10-0-0-61 kernel: [    0.000000] BIOS-e820: [mem 0x0000000000100000-0x00000000efffffff] usable
Nov 29 22:18:49 ip-10-0-0-61 kernel: [    0.000000] BIOS-e820: [mem 0x00000000fc000000-0x00000000ffffffff] reserved
Nov 29 22:18:49 ip-10-0-0-61 kernel: [    0.000000] BIOS-e820: [mem 0x0000000100000000-0x0000000f0fffffff] usable
Nov 29 22:18:49 ip-10-0-0-61 kernel: [    0.000000] NX (Execute Disable) protection: active
Nov 29 22:18:49 ip-10-0-0-61 kernel: [    0.000000] SMBIOS 2.7 present.
Nov 29 22:18:49 ip-10-0-0-61 kernel: [    0.000000] DMI: Xen HVM domU, BIOS 4.2.amazon 08/24/2006
Nov 29 22:18:49 ip-10-0-0-61 kernel: [    0.000000] Hypervisor detected: Xen
Nov 29 22:18:49 ip-10-0-0-61 kernel: [    0.000000] Xen version 4.2.
Nov 29 22:18:49 ip-10-0-0-61 kernel: [    0.000000] Xen Platform PCI: I/O protocol version 1
Nov 29 22:18:49 ip-10-0-0-61 kernel: [    0.000000] Netfront and the Xen platform PCI driver have been compiled for this kernel: unplug emulated NICs.
Nov 29 22:18:49 ip-10-0-0-61 kernel: [    0.000000] Blkfront and the Xen platform PCI driver have been compiled for this kernel: unplug emulated disks.
Nov 29 22:18:49 ip-10-0-0-61 kernel: [    0.000000] You might have to change the root device
Nov 29 22:18:49 ip-10-0-0-61 kernel: [    0.000000] from /dev/hd[a-d] to /dev/xvd[a-d]
Nov 29 22:18:49 ip-10-0-0-61 kernel: [    0.000000] in your root= kernel command line option
Nov 29 22:18:49 ip-10-0-0-61 kernel: [    0.000000] HVMOP_pagetable_dying not supported
Nov 29 22:18:49 ip-10-0-0-61 kernel: [    0.000000] e820: update [mem 0x00000000-0x00000fff] usable ==> reserved
Nov 29 22:18:49 ip-10-0-0-61 kernel: [    0.000000] e820: remove [mem 0x000a0000-0x000fffff] usable
Nov 29 22:18:49 ip-10-0-0-61 kernel: [    0.000000] e820: last_pfn = 0xf10000 max_arch_pfn = 0x400000000
Nov 29 22:18:49 ip-10-0-0-61 kernel: [    0.000000] MTRR default type: write-back
Nov 29 22:18:49 ip-10-0-0-61 kernel: [    0.000000] MTRR fixed ranges enabled:
Nov 29 22:18:49 ip-10-0-0-61 kernel: [    0.000000]   00000-9FFFF write-back
Nov 29 22:18:49 ip-10-0-0-61 kernel: [    0.000000]   A0000-BFFFF write-combining
Nov 29 22:18:49 ip-10-0-0-61 kernel: [    0.000000]   C0000-FFFFF write-back
Nov 29 22:18:49 ip-10-0-0-61 kernel: [    0.000000] MTRR variable ranges enabled:
Nov 29 22:18:49 ip-10-0-0-61 kernel: [    0.000000]   0 base 0000F0000000 mask 3FFFF8000000 uncachable
Nov 29 22:18:49 ip-10-0-0-61 kernel: [    0.000000]   1 base 0000F8000000 mask 3FFFFC000000 uncachable
Nov 29 22:18:49 ip-10-0-0-61 kernel: [    0.000000]   2 disabled
Nov 29 22:18:49 ip-10-0-0-61 kernel: [    0.000000]   3 disabled
Nov 29 22:18:49 ip-10-0-0-61 kernel: [    0.000000]   4 disabled
Nov 29 22:18:49 ip-10-0-0-61 kernel: [    0.000000]   5 disabled
Nov 29 22:18:49 ip-10-0-0-61 kernel: [    0.000000]   6 disabled
Nov 29 22:18:49 ip-10-0-0-61 kernel: [    0.000000]   7 disabled
Nov 29 22:18:49 ip-10-0-0-61 kernel: [    0.000000] x86/PAT: Configuration [0-7]: WB  WC  UC- UC  WB  WC  UC- WT  
Nov 29 22:18:49 ip-10-0-0-61 kernel: [    0.000000] e820: last_pfn = 0xf0000 max_arch_pfn = 0x400000000
Nov 29 22:18:49 ip-10-0-0-61 kernel: [    0.000000] found SMP MP-table at [mem 0x000fbc50-0x000fbc5f] mapped at [ffff8800000fbc50]
Nov 29 22:18:49 ip-10-0-0-61 kernel: [    0.000000] Scanning 1 areas for low memory corruption
Nov 29 22:18:49 ip-10-0-0-61 kernel: [    0.000000] Base memory trampoline at [ffff880000096000] 96000 size 28672
Nov 29 22:18:49 ip-10-0-0-61 kernel: [    0.000000] Using GB pages for direct mapping
Nov 29 22:18:49 ip-10-0-0-61 kernel: [    0.000000] BRK [0x02201000, 0x02201fff] PGTABLE
Nov 29 22:18:49 ip-10-0-0-61 kernel: [    0.000000] BRK [0x02202000, 0x02202fff] PGTABLE
Nov 29 22:18:49 ip-10-0-0-61 kernel: [    0.000000] BRK [0x02203000, 0x02203fff] PGTABLE
Nov 29 22:18:49 ip-10-0-0-61 kernel: [    0.000000] BRK [0x02204000, 0x02204fff] PGTABLE
Nov 29 22:18:49 ip-10-0-0-61 kernel: [    0.000000] RAMDISK: [mem 0x367b2000-0x373d0fff]
Nov 29 22:18:49 ip-10-0-0-61 kernel: [    0.000000] ACPI: Early table checksum verification disabled
Nov 29 22:18:49 ip-10-0-0-61 kernel: [    0.000000] ACPI: RSDP 0x00000000000EA020 000024 (v02 Xen   )
Nov 29 22:18:49 ip-10-0-0-61 kernel: [    0.000000] ACPI: XSDT 0x00000000FC017290 00006C (v01 Xen    HVM      00000000 HVML 00000000)
Nov 29 22:18:49 ip-10-0-0-61 kernel: [    0.000000] ACPI: FACP 0x00000000FC013680 0000F4 (v04 Xen    HVM      00000000 HVML 00000000)
Nov 29 22:18:49 ip-10-0-0-61 kernel: [    0.000000] ACPI: DSDT 0x00000000FC0021C0 011438 (v02 Xen    HVM      00000000 INTL 20090123)
Nov 29 22:18:49 ip-10-0-0-61 kernel: [    0.000000] ACPI: FACS 0x00000000FC002180 000040
Nov 29 22:18:49 ip-10-0-0-61 kernel: [    0.000000] ACPI: FACS 0x00000000FC002180 000040
Nov 29 22:18:49 ip-10-0-0-61 kernel: [    0.000000] ACPI: APIC 0x00000000FC013780 000460 (v02 Xen    HVM      00000000 HVML 00000000)
Nov 29 22:18:49 ip-10-0-0-61 kernel: [    0.000000] ACPI: SRAT 0x00000000FC013C60 0008A8 (v01 Xen    HVM      00000000 HVML 00000000)
Nov 29 22:18:49 ip-10-0-0-61 kernel: [    0.000000] ACPI: HPET 0x00000000FC014530 000038 (v01 Xen    HVM      00000000 HVML 00000000)
Nov 29 22:18:49 ip-10-0-0-61 kernel: [    0.000000] ACPI: WAET 0x00000000FC014570 000028 (v01 Xen    HVM      00000000 HVML 00000000)
Nov 29 22:18:49 ip-10-0-0-61 kernel: [    0.000000] ACPI: SSDT 0x00000000FC0145A0 000031 (v02 Xen    HVM      00000000 INTL 20090123)
Nov 29 22:18:49 ip-10-0-0-61 kernel: [    0.000000] ACPI: SSDT 0x00000000FC0145E0 000031 (v02 Xen    HVM      00000000 INTL 20090123)
Nov 29 22:18:49 ip-10-0-0-61 kernel: [    0.000000] ACPI: SSDT 0x00000000FC014620 000CB0 (v02 Xen    HVM      00000000 INTL 20090123)
Nov 29 22:18:49 ip-10-0-0-61 kernel: [    0.000000] ACPI: SSDT 0x00000000FC0152D0 001FB6 (v02 Xen    HVM      00000000 INTL 20090123)
Nov 29 22:18:49 ip-10-0-0-61 kernel: [    0.000000] ACPI: Local APIC address 0xfee00000
Nov 29 22:18:49 ip-10-0-0-61 kernel: [    0.000000] SRAT: PXM 0 -> APIC 0x00 -> Node 0
Nov 29 22:18:49 ip-10-0-0-61 kernel: [    0.000000] SRAT: PXM 0 -> APIC 0x02 -> Node 0
Nov 29 22:18:49 ip-10-0-0-61 kernel: [    0.000000] SRAT: PXM 0 -> APIC 0x04 -> Node 0
Nov 29 22:18:49 ip-10-0-0-61 kernel: [    0.000000] SRAT: PXM 0 -> APIC 0x06 -> Node 0
Nov 29 22:18:49 ip-10-0-0-61 kernel: [    0.000000] SRAT: PXM 0 -> APIC 0x08 -> Node 0
Nov 29 22:18:49 ip-10-0-0-61 kernel: [    0.000000] SRAT: PXM 0 -> APIC 0x0a -> Node 0
Nov 29 22:18:49 ip-10-0-0-61 kernel: [    0.000000] SRAT: PXM 0 -> APIC 0x0c -> Node 0
Nov 29 22:18:49 ip-10-0-0-61 kernel: [    0.000000] SRAT: PXM 0 -> APIC 0x0e -> Node 0
Nov 29 22:18:49 ip-10-0-0-61 kernel: [    0.000000] SRAT: PXM 0 -> APIC 0x10 -> Node 0
Nov 29 22:18:49 ip-10-0-0-61 kernel: [    0.000000] SRAT: PXM 1 -> APIC 0x20 -> Node 1
Nov 29 22:18:49 ip-10-0-0-61 kernel: [    0.000000] SRAT: PXM 1 -> APIC 0x22 -> Node 1
Nov 29 22:18:49 ip-10-0-0-61 kernel: [    0.000000] SRAT: PXM 1 -> APIC 0x24 -> Node 1
Nov 29 22:18:49 ip-10-0-0-61 kernel: [    0.000000] SRAT: PXM 1 -> APIC 0x26 -> Node 1
Nov 29 22:18:49 ip-10-0-0-61 kernel: [    0.000000] SRAT: PXM 1 -> APIC 0x28 -> Node 1
Nov 29 22:18:49 ip-10-0-0-61 kernel: [    0.000000] SRAT: PXM 1 -> APIC 0x2a -> Node 1
Nov 29 22:18:49 ip-10-0-0-61 kernel: [    0.000000] SRAT: PXM 1 -> APIC 0x2c -> Node 1
Nov 29 22:18:49 ip-10-0-0-61 kernel: [    0.000000] SRAT: PXM 1 -> APIC 0x2e -> Node 1
Nov 29 22:18:49 ip-10-0-0-61 kernel: [    0.000000] SRAT: PXM 1 -> APIC 0x30 -> Node 1
Nov 29 22:18:49 ip-10-0-0-61 kernel: [    0.000000] SRAT: PXM 0 -> APIC 0x01 -> Node 0
Nov 29 22:18:49 ip-10-0-0-61 kernel: [    0.000000] SRAT: PXM 0 -> APIC 0x03 -> Node 0
Nov 29 22:18:49 ip-10-0-0-61 kernel: [    0.000000] SRAT: PXM 0 -> APIC 0x05 -> Node 0
Nov 29 22:18:49 ip-10-0-0-61 kernel: [    0.000000] SRAT: PXM 0 -> APIC 0x07 -> Node 0
Nov 29 22:18:49 ip-10-0-0-61 kernel: [    0.000000] SRAT: PXM 0 -> APIC 0x09 -> Node 0
Nov 29 22:18:49 ip-10-0-0-61 kernel: [    0.000000] SRAT: PXM 0 -> APIC 0x0b -> Node 0
Nov 29 22:18:49 ip-10-0-0-61 kernel: [    0.000000] SRAT: PXM 0 -> APIC 0x0d -> Node 0
Nov 29 22:18:49 ip-10-0-0-61 kernel: [    0.000000] SRAT: PXM 0 -> APIC 0x0f -> Node 0
Nov 29 22:18:49 ip-10-0-0-61 kernel: [    0.000000] SRAT: PXM 0 -> APIC 0x11 -> Node 0
Nov 29 22:18:49 ip-10-0-0-61 kernel: [    0.000000] SRAT: PXM 1 -> APIC 0x21 -> Node 1
Nov 29 22:18:49 ip-10-0-0-61 kernel: [    0.000000] SRAT: PXM 1 -> APIC 0x23 -> Node 1
Nov 29 22:18:49 ip-10-0-0-61 kernel: [    0.000000] SRAT: PXM 1 -> APIC 0x25 -> Node 1
Nov 29 22:18:49 ip-10-0-0-61 kernel: [    0.000000] SRAT: PXM 1 -> APIC 0x27 -> Node 1
Nov 29 22:18:49 ip-10-0-0-61 kernel: [    0.000000] SRAT: PXM 1 -> APIC 0x29 -> Node 1
Nov 29 22:18:49 ip-10-0-0-61 kernel: [    0.000000] SRAT: PXM 1 -> APIC 0x2b -> Node 1
Nov 29 22:18:49 ip-10-0-0-61 kernel: [    0.000000] SRAT: PXM 1 -> APIC 0x2d -> Node 1
Nov 29 22:18:49 ip-10-0-0-61 kernel: [    0.000000] SRAT: PXM 1 -> APIC 0x2f -> Node 1
Nov 29 22:18:49 ip-10-0-0-61 kernel: [    0.000000] SRAT: PXM 1 -> APIC 0x31 -> Node 1
Nov 29 22:18:49 ip-10-0-0-61 kernel: [    0.000000] SRAT: Node 0 PXM 0 [mem 0x00000000-0xefffffff]
Nov 29 22:18:49 ip-10-0-0-61 kernel: [    0.000000] SRAT: Node 0 PXM 0 [mem 0x100000000-0x78fffffff]
Nov 29 22:18:49 ip-10-0-0-61 kernel: [    0.000000] SRAT: Node 1 PXM 1 [mem 0x790000000-0xf0fffffff]
Nov 29 22:18:49 ip-10-0-0-61 kernel: [    0.000000] NUMA: Node 0 [mem 0x00000000-0xefffffff] + [mem 0x100000000-0x78fffffff] -> [mem 0x00000000-0x78fffffff]
Nov 29 22:18:49 ip-10-0-0-61 kernel: [    0.000000] NODE_DATA(0) allocated [mem 0x78fffb000-0x78fffffff]
Nov 29 22:18:49 ip-10-0-0-61 kernel: [    0.000000] NODE_DATA(1) allocated [mem 0xf0fffa000-0xf0fffefff]
Nov 29 22:18:49 ip-10-0-0-61 kernel: [    0.000000] Zone ranges:
Nov 29 22:18:49 ip-10-0-0-61 kernel: [    0.000000]   DMA      [mem 0x0000000000001000-0x0000000000ffffff]
Nov 29 22:18:49 ip-10-0-0-61 kernel: [    0.000000]   DMA32    [mem 0x0000000001000000-0x00000000ffffffff]
Nov 29 22:18:49 ip-10-0-0-61 kernel: [    0.000000]   Normal   [mem 0x0000000100000000-0x0000000f0fffffff]
Nov 29 22:18:49 ip-10-0-0-61 kernel: [    0.000000]   Device   empty
Nov 29 22:18:49 ip-10-0-0-61 kernel: [    0.000000] Movable zone start for each node
Nov 29 22:18:49 ip-10-0-0-61 kernel: [    0.000000] Early memory node ranges
Nov 29 22:18:49 ip-10-0-0-61 kernel: [    0.000000]   node   0: [mem 0x0000000000001000-0x000000000009dfff]
Nov 29 22:18:49 ip-10-0-0-61 kernel: [    0.000000]   node   0: [mem 0x0000000000100000-0x00000000efffffff]
Nov 29 22:18:49 ip-10-0-0-61 cloud-init[1320]: |o o .   S+   + o.|
Nov 29 22:18:49 ip-10-0-0-61 kernel: [    0.000000]   node   0: [mem 0x0000000100000000-0x000000078fffffff]
Nov 29 22:18:49 ip-10-0-0-61 kernel: [    0.000000]   node   1: [mem 0x0000000790000000-0x0000000f0fffffff]
Nov 29 22:18:49 ip-10-0-0-61 kernel: [    0.000000] Initmem setup node 0 [mem 0x0000000000001000-0x000000078fffffff]
Nov 29 22:18:49 ip-10-0-0-61 kernel: [    0.000000] On node 0 totalpages: 7864221
Nov 29 22:18:49 ip-10-0-0-61 kernel: [    0.000000]   DMA zone: 64 pages used for memmap
Nov 29 22:18:49 ip-10-0-0-61 kernel: [    0.000000]   DMA zone: 22 pages reserved
Nov 29 22:18:49 ip-10-0-0-61 kernel: [    0.000000]   DMA zone: 3997 pages, LIFO batch:0
Nov 29 22:18:49 ip-10-0-0-61 kernel: [    0.000000]   DMA32 zone: 15296 pages used for memmap
Nov 29 22:18:49 ip-10-0-0-61 kernel: [    0.000000]   DMA32 zone: 978944 pages, LIFO batch:31
Nov 29 22:18:49 ip-10-0-0-61 kernel: [    0.000000]   Normal zone: 107520 pages used for memmap
Nov 29 22:18:49 ip-10-0-0-61 kernel: [    0.000000]   Normal zone: 6881280 pages, LIFO batch:31
Nov 29 22:18:49 ip-10-0-0-61 kernel: [    0.000000] Initmem setup node 1 [mem 0x0000000790000000-0x0000000f0fffffff]
Nov 29 22:18:49 ip-10-0-0-61 kernel: [    0.000000] On node 1 totalpages: 7864320
Nov 29 22:18:49 ip-10-0-0-61 kernel: [    0.000000]   Normal zone: 122880 pages used for memmap
Nov 29 22:18:49 ip-10-0-0-61 kernel: [    0.000000]   Normal zone: 7864320 pages, LIFO batch:31
Nov 29 22:18:49 ip-10-0-0-61 kernel: [    0.000000] ACPI: PM-Timer IO Port: 0xb008
Nov 29 22:18:49 ip-10-0-0-61 kernel: [    0.000000] ACPI: Local APIC address 0xfee00000
Nov 29 22:18:49 ip-10-0-0-61 kernel: [    0.000000] IOAPIC[0]: apic_id 1, version 17, address 0xfec00000, GSI 0-47
Nov 29 22:18:49 ip-10-0-0-61 kernel: [    0.000000] ACPI: INT_SRC_OVR (bus 0 bus_irq 0 global_irq 2 dfl dfl)
Nov 29 22:18:49 ip-10-0-0-61 kernel: [    0.000000] ACPI: INT_SRC_OVR (bus 0 bus_irq 5 global_irq 5 low level)
Nov 29 22:18:49 ip-10-0-0-61 kernel: [    0.000000] ACPI: INT_SRC_OVR (bus 0 bus_irq 10 global_irq 10 low level)
Nov 29 22:18:49 ip-10-0-0-61 kernel: [    0.000000] ACPI: INT_SRC_OVR (bus 0 bus_irq 11 global_irq 11 low level)
Nov 29 22:18:49 ip-10-0-0-61 kernel: [    0.000000] ACPI: IRQ0 used by override.
Nov 29 22:18:49 ip-10-0-0-61 kernel: [    0.000000] ACPI: IRQ5 used by override.
Nov 29 22:18:49 ip-10-0-0-61 kernel: [    0.000000] ACPI: IRQ9 used by override.
Nov 29 22:18:49 ip-10-0-0-61 kernel: [    0.000000] ACPI: IRQ10 used by override.
Nov 29 22:18:49 ip-10-0-0-61 kernel: [    0.000000] ACPI: IRQ11 used by override.
Nov 29 22:18:49 ip-10-0-0-61 kernel: [    0.000000] Using ACPI (MADT) for SMP configuration information
Nov 29 22:18:49 ip-10-0-0-61 kernel: [    0.000000] ACPI: HPET id: 0x8086a201 base: 0xfed00000
Nov 29 22:18:49 ip-10-0-0-61 kernel: [    0.000000] smpboot: Allowing 128 CPUs, 92 hotplug CPUs
Nov 29 22:18:49 ip-10-0-0-61 kernel: [    0.000000] PM: Registered nosave memory: [mem 0x00000000-0x00000fff]
Nov 29 22:18:49 ip-10-0-0-61 kernel: [    0.000000] PM: Registered nosave memory: [mem 0x0009e000-0x0009ffff]
Nov 29 22:18:49 ip-10-0-0-61 kernel: [    0.000000] PM: Registered nosave memory: [mem 0x000a0000-0x000dffff]
Nov 29 22:18:49 ip-10-0-0-61 kernel: [    0.000000] PM: Registered nosave memory: [mem 0x000e0000-0x000fffff]
Nov 29 22:18:49 ip-10-0-0-61 kernel: [    0.000000] PM: Registered nosave memory: [mem 0xf0000000-0xfbffffff]
Nov 29 22:18:49 ip-10-0-0-61 kernel: [    0.000000] PM: Registered nosave memory: [mem 0xfc000000-0xffffffff]
Nov 29 22:18:49 ip-10-0-0-61 kernel: [    0.000000] e820: [mem 0xf0000000-0xfbffffff] available for PCI devices
Nov 29 22:18:49 ip-10-0-0-61 kernel: [    0.000000] Booting paravirtualized kernel on Xen HVM
Nov 29 22:18:49 ip-10-0-0-61 kernel: [    0.000000] clocksource: refined-jiffies: mask: 0xffffffff max_cycles: 0xffffffff, max_idle_ns: 7645519600211568 ns
Nov 29 22:18:49 ip-10-0-0-61 kernel: [    0.000000] setup_percpu: NR_CPUS:256 nr_cpumask_bits:256 nr_cpu_ids:128 nr_node_ids:2
Nov 29 22:18:49 ip-10-0-0-61 kernel: [    0.000000] PERCPU: Embedded 34 pages/cpu @ffff880770e00000 s99160 r8192 d31912 u262144
Nov 29 22:18:49 ip-10-0-0-61 kernel: [    0.000000] pcpu-alloc: s99160 r8192 d31912 u262144 alloc=1*2097152
Nov 29 22:18:49 ip-10-0-0-61 kernel: [    0.000000] pcpu-alloc: [0] 000 001 002 003 004 005 006 007 
Nov 29 22:18:49 ip-10-0-0-61 kernel: [    0.000000] pcpu-alloc: [0] 008 018 019 020 021 022 023 024 
Nov 29 22:18:49 ip-10-0-0-61 kernel: [    0.000000] pcpu-alloc: [0] 025 026 036 038 040 042 044 046 
Nov 29 22:18:49 ip-10-0-0-61 kernel: [    0.000000] pcpu-alloc: [0] 048 050 052 054 056 058 060 062 
Nov 29 22:18:49 ip-10-0-0-61 kernel: [    0.000000] pcpu-alloc: [0] 064 066 068 070 072 074 076 078 
Nov 29 22:18:49 ip-10-0-0-61 kernel: [    0.000000] pcpu-alloc: [0] 080 082 084 086 088 090 092 094 
Nov 29 22:18:49 ip-10-0-0-61 kernel: [    0.000000] pcpu-alloc: [0] 096 098 100 102 104 106 108 110 
Nov 29 22:18:49 ip-10-0-0-61 kernel: [    0.000000] pcpu-alloc: [0] 112 114 116 118 120 122 124 126 
Nov 29 22:18:49 ip-10-0-0-61 kernel: [    0.000000] pcpu-alloc: [1] 009 010 011 012 013 014 015 016 
Nov 29 22:18:49 ip-10-0-0-61 kernel: [    0.000000] pcpu-alloc: [1] 017 027 028 029 030 031 032 033 
Nov 29 22:18:49 ip-10-0-0-61 kernel: [    0.000000] pcpu-alloc: [1] 034 035 037 039 041 043 045 047 
Nov 29 22:18:49 ip-10-0-0-61 kernel: [    0.000000] pcpu-alloc: [1] 049 051 053 055 057 059 061 063 
Nov 29 22:18:49 ip-10-0-0-61 kernel: [    0.000000] pcpu-alloc: [1] 065 067 069 071 073 075 077 079 
Nov 29 22:18:49 ip-10-0-0-61 kernel: [    0.000000] pcpu-alloc: [1] 081 083 085 087 089 091 093 095 
Nov 29 22:18:49 ip-10-0-0-61 kernel: [    0.000000] pcpu-alloc: [1] 097 099 101 103 105 107 109 111 
Nov 29 22:18:49 ip-10-0-0-61 kernel: [    0.000000] pcpu-alloc: [1] 113 115 117 119 121 123 125 127 
Nov 29 22:18:49 ip-10-0-0-61 kernel: [    0.000000] xen: PV spinlocks enabled
Nov 29 22:18:49 ip-10-0-0-61 kernel: [    0.000000] PV qspinlock hash table entries: 512 (order: 1, 8192 bytes)
Nov 29 22:18:49 ip-10-0-0-61 kernel: [    0.000000] Built 2 zonelists in Node order, mobility grouping on.  Total pages: 15482759
Nov 29 22:18:49 ip-10-0-0-61 kernel: [    0.000000] Policy zone: Normal
Nov 29 22:18:49 ip-10-0-0-61 kernel: [    0.000000] Kernel command line: BOOT_IMAGE=/boot/vmlinuz-4.4.0-1067-aws root=LABEL=cloudimg-rootfs ro console=tty1 console=ttyS0 nvme.io_timeout=4294967295
Nov 29 22:18:49 ip-10-0-0-61 kernel: [    0.000000] log_buf_len individual max cpu contribution: 4096 bytes
Nov 29 22:18:49 ip-10-0-0-61 kernel: [    0.000000] log_buf_len total cpu_extra contributions: 520192 bytes
Nov 29 22:18:49 ip-10-0-0-61 kernel: [    0.000000] log_buf_len min size: 262144 bytes
Nov 29 22:18:49 ip-10-0-0-61 kernel: [    0.000000] log_buf_len: 1048576 bytes
Nov 29 22:18:49 ip-10-0-0-61 kernel: [    0.000000] early log buf free: 249740(95%)
Nov 29 22:18:49 ip-10-0-0-61 kernel: [    0.000000] PID hash table entries: 4096 (order: 3, 32768 bytes)
Nov 29 22:18:49 ip-10-0-0-61 kernel: [    0.000000] Calgary: detecting Calgary via BIOS EBDA area
Nov 29 22:18:49 ip-10-0-0-61 kernel: [    0.000000] Calgary: Unable to locate Rio Grande table in EBDA - bailing!
Nov 29 22:18:49 ip-10-0-0-61 kernel: [    0.000000] Memory: 61815268K/62914164K available (8372K kernel code, 1281K rwdata, 3888K rodata, 1504K init, 1264K bss, 1098896K reserved, 0K cma-reserved)
Nov 29 22:18:49 ip-10-0-0-61 kernel: [    0.000000] SLUB: HWalign=64, Order=0-3, MinObjects=0, CPUs=128, Nodes=2
Nov 29 22:18:49 ip-10-0-0-61 kernel: [    0.000000] Kernel/User page tables isolation: enabled
Nov 29 22:18:49 ip-10-0-0-61 kernel: [    0.000000] Hierarchical RCU implementation.
Nov 29 22:18:49 ip-10-0-0-61 kernel: [    0.000000] 	Build-time adjustment of leaf fanout to 64.
Nov 29 22:18:49 ip-10-0-0-61 kernel: [    0.000000] 	RCU restricting CPUs from NR_CPUS=256 to nr_cpu_ids=128.
Nov 29 22:18:49 ip-10-0-0-61 kernel: [    0.000000] RCU: Adjusting geometry for rcu_fanout_leaf=64, nr_cpu_ids=128
Nov 29 22:18:49 ip-10-0-0-61 kernel: [    0.000000] NR_IRQS:16640 nr_irqs:1856 16
Nov 29 22:18:49 ip-10-0-0-61 kernel: [    0.000000] xen:events: Using 2-level ABI
Nov 29 22:18:49 ip-10-0-0-61 kernel: [    0.000000] xen:events: Xen HVM callback vector for event delivery is enabled
Nov 29 22:18:49 ip-10-0-0-61 kernel: [    0.000000] Console: colour VGA+ 80x25
Nov 29 22:18:49 ip-10-0-0-61 kernel: [    0.000000] console [tty1] enabled
Nov 29 22:18:49 ip-10-0-0-61 kernel: [    0.000000] Cannot get hvm parameter CONSOLE_EVTCHN (18): -22!
Nov 29 22:18:49 ip-10-0-0-61 kernel: [    0.000000] console [ttyS0] enabled
Nov 29 22:18:49 ip-10-0-0-61 kernel: [    0.000000] mempolicy: Enabling automatic NUMA balancing. Configure with numa_balancing= or the kernel.numa_balancing sysctl
Nov 29 22:18:49 ip-10-0-0-61 kernel: [    0.000000] clocksource: hpet: mask: 0xffffffff max_cycles: 0xffffffff, max_idle_ns: 30580167144 ns
Nov 29 22:18:49 ip-10-0-0-61 kernel: [    0.000000] hpet clockevent registered
Nov 29 22:18:49 ip-10-0-0-61 kernel: [    0.000000] tsc: Detected 2900.080 MHz processor
Nov 29 22:18:49 ip-10-0-0-61 kernel: [    6.080203] Calibrating delay loop (skipped), value calculated using timer frequency.. 5800.16 BogoMIPS (lpj=11600320)
Nov 29 22:18:49 ip-10-0-0-61 kernel: [    6.106854] pid_max: default: 131072 minimum: 1024
Nov 29 22:18:49 ip-10-0-0-61 kernel: [    6.112101] ACPI: Core revision 20150930
Nov 29 22:18:49 ip-10-0-0-61 kernel: [    6.127661] ACPI: 5 ACPI AML tables successfully acquired and loaded
Nov 29 22:18:49 ip-10-0-0-61 kernel: [    6.136139] Security Framework initialized
Nov 29 22:18:49 ip-10-0-0-61 kernel: [    6.140949] Yama: becoming mindful.
Nov 29 22:18:49 ip-10-0-0-61 kernel: [    6.145248] AppArmor: AppArmor initialized
Nov 29 22:18:49 ip-10-0-0-61 kernel: [    6.152844] Dentry cache hash table entries: 8388608 (order: 14, 67108864 bytes)
Nov 29 22:18:49 ip-10-0-0-61 kernel: [    6.170826] Inode-cache hash table entries: 4194304 (order: 13, 33554432 bytes)
Nov 29 22:18:49 ip-10-0-0-61 kernel: [    6.183689] Mount-cache hash table entries: 131072 (order: 8, 1048576 bytes)
Nov 29 22:18:49 ip-10-0-0-61 kernel: [    6.191087] Mountpoint-cache hash table entries: 131072 (order: 8, 1048576 bytes)
Nov 29 22:18:49 ip-10-0-0-61 kernel: [    6.200005] Initializing cgroup subsys io
Nov 29 22:18:49 ip-10-0-0-61 kernel: [    6.204613] Initializing cgroup subsys memory
Nov 29 22:18:49 ip-10-0-0-61 kernel: [    6.209354] Initializing cgroup subsys devices
Nov 29 22:18:49 ip-10-0-0-61 kernel: [    6.214123] Initializing cgroup subsys freezer
Nov 29 22:18:49 ip-10-0-0-61 kernel: [    6.218949] Initializing cgroup subsys net_cls
Nov 29 22:18:49 ip-10-0-0-61 kernel: [    6.224016] Initializing cgroup subsys perf_event
Nov 29 22:18:49 ip-10-0-0-61 kernel: [    6.229050] Initializing cgroup subsys net_prio
Nov 29 22:18:49 ip-10-0-0-61 kernel: [    6.234130] Initializing cgroup subsys hugetlb
Nov 29 22:18:49 ip-10-0-0-61 kernel: [    6.239074] Initializing cgroup subsys pids
Nov 29 22:18:49 ip-10-0-0-61 kernel: [    6.244546] mce: CPU supports 2 MCE banks
Nov 29 22:18:49 ip-10-0-0-61 kernel: [    6.249167] process: using mwait in idle threads
Nov 29 22:18:49 ip-10-0-0-61 kernel: [    6.254337] Last level iTLB entries: 4KB 1024, 2MB 1024, 4MB 1024
Nov 29 22:18:49 ip-10-0-0-61 kernel: [    6.260673] Last level dTLB entries: 4KB 1024, 2MB 1024, 4MB 1024, 1GB 4
Nov 29 22:18:49 ip-10-0-0-61 kernel: [    6.267692] Spectre V2 : Mitigation: Full generic retpoline
Nov 29 22:18:49 ip-10-0-0-61 kernel: [    6.273668] Spectre V2 : Speculation control IBPB not-supported IBRS not-supported
Nov 29 22:18:49 ip-10-0-0-61 kernel: [    6.281149] Speculative Store Bypass: Vulnerable
Nov 29 22:18:49 ip-10-0-0-61 kernel: [    6.288766] Freeing SMP alternatives memory: 32K
Nov 29 22:18:49 ip-10-0-0-61 kernel: [    6.298290] ftrace: allocating 31371 entries in 123 pages
Nov 29 22:18:49 ip-10-0-0-61 kernel: [    6.339379] smpboot: APIC(0) Converting physical 0 to logical package 0
Nov 29 22:18:49 ip-10-0-0-61 kernel: [    6.346615] smpboot: APIC(20) Converting physical 1 to logical package 1
Nov 29 22:18:49 ip-10-0-0-61 kernel: [    6.353804] smpboot: Max logical packages: 15
Nov 29 22:18:49 ip-10-0-0-61 kernel: [    6.359361] x2apic: IRQ remapping doesn't support X2APIC mode
Nov 29 22:18:49 ip-10-0-0-61 kernel: [    6.365992] Switched APIC routing to physical flat.
Nov 29 22:18:49 ip-10-0-0-61 kernel: [    6.373432] ..TIMER: vector=0x30 apic1=0 pin1=2 apic2=0 pin2=0
Nov 29 22:18:49 ip-10-0-0-61 kernel: [    6.379417] clocksource: xen: mask: 0xffffffffffffffff max_cycles: 0x1cd42e4dffb, max_idle_ns: 881590591483 ns
Nov 29 22:18:49 ip-10-0-0-61 kernel: [    6.390483] Xen: using vcpuop timer interface
Nov 29 22:18:49 ip-10-0-0-61 kernel: [    6.390489] installing Xen timer for CPU 0
Nov 29 22:18:49 ip-10-0-0-61 kernel: [    6.395617] smpboot: CPU0: Intel(R) Xeon(R) CPU E5-2666 v3 @ 2.90GHz (family: 0x6, model: 0x3f, stepping: 0x2)
Nov 29 22:18:49 ip-10-0-0-61 kernel: [    6.408345] cpu 0 spinlock event irq 53
Nov 29 22:18:49 ip-10-0-0-61 kernel: [    6.412805] Performance Events: unsupported p6 CPU model 63 no PMU driver, software events only.
Nov 29 22:18:49 ip-10-0-0-61 kernel: [    6.425169] NMI watchdog: disabled (cpu0): hardware events not enabled
Nov 29 22:18:49 ip-10-0-0-61 kernel: [    6.430998] NMI watchdog: Shutting down hard lockup detector on all cpus
Nov 29 22:18:49 ip-10-0-0-61 kernel: [    6.434569] installing Xen timer for CPU 1
Nov 29 22:18:49 ip-10-0-0-61 kernel: [    6.437187] x86: Booting SMP configuration:
Nov 29 22:18:49 ip-10-0-0-61 kernel: [    6.441949] .... node  #0, CPUs:          #1cpu 1 spinlock event irq 59
Nov 29 22:18:49 ip-10-0-0-61 kernel: [    6.452631] installing Xen timer for CPU 2
Nov 29 22:18:49 ip-10-0-0-61 kernel: [    6.457649]    #2cpu 2 spinlock event irq 65
Nov 29 22:18:49 ip-10-0-0-61 kernel: [    6.464561] installing Xen timer for CPU 3
Nov 29 22:18:49 ip-10-0-0-61 kernel: [    6.469538]    #3cpu 3 spinlock event irq 71
Nov 29 22:18:49 ip-10-0-0-61 kernel: [    6.476700] installing Xen timer for CPU 4
Nov 29 22:18:49 ip-10-0-0-61 kernel: [    6.481897]    #4cpu 4 spinlock event irq 77
Nov 29 22:18:49 ip-10-0-0-61 kernel: [    6.489020] installing Xen timer for CPU 5
Nov 29 22:18:49 ip-10-0-0-61 kernel: [    6.494201]    #5cpu 5 spinlock event irq 83
Nov 29 22:18:49 ip-10-0-0-61 kernel: [    6.501622] installing Xen timer for CPU 6
Nov 29 22:18:49 ip-10-0-0-61 kernel: [    6.506840]    #6cpu 6 spinlock event irq 89
Nov 29 22:18:49 ip-10-0-0-61 kernel: [    6.514234] installing Xen timer for CPU 7
Nov 29 22:18:49 ip-10-0-0-61 kernel: [    6.519368]    #7cpu 7 spinlock event irq 95
Nov 29 22:18:49 ip-10-0-0-61 kernel: [    6.526641] installing Xen timer for CPU 8
Nov 29 22:18:49 ip-10-0-0-61 kernel: [    6.531576]    #8cpu 8 spinlock event irq 101
Nov 29 22:18:49 ip-10-0-0-61 kernel: [    6.538762] installing Xen timer for CPU 9
Nov 29 22:18:49 ip-10-0-0-61 kernel: [    6.543693] 
Nov 29 22:18:49 ip-10-0-0-61 kernel: [    6.546225] .... node  #1, CPUs:     #9cpu 9 spinlock event irq 107
Nov 29 22:18:49 ip-10-0-0-61 kernel: [    6.555888] installing Xen timer for CPU 10
Nov 29 22:18:49 ip-10-0-0-61 kernel: [    6.561048]   #10cpu 10 spinlock event irq 113
Nov 29 22:18:49 ip-10-0-0-61 kernel: [    6.568411] installing Xen timer for CPU 11
Nov 29 22:18:49 ip-10-0-0-61 kernel: [    6.573498]   #11cpu 11 spinlock event irq 119
Nov 29 22:18:49 ip-10-0-0-61 kernel: [    6.580743] installing Xen timer for CPU 12
Nov 29 22:18:49 ip-10-0-0-61 kernel: [    6.585822]   #12cpu 12 spinlock event irq 125
Nov 29 22:18:49 ip-10-0-0-61 kernel: [    6.593208] installing Xen timer for CPU 13
Nov 29 22:18:49 ip-10-0-0-61 kernel: [    6.598467]   #13cpu 13 spinlock event irq 131
Nov 29 22:18:49 ip-10-0-0-61 kernel: [    6.606005] installing Xen timer for CPU 14
Nov 29 22:18:49 ip-10-0-0-61 kernel: [    6.611361]   #14cpu 14 spinlock event irq 137
Nov 29 22:18:49 ip-10-0-0-61 kernel: [    6.618610] installing Xen timer for CPU 15
Nov 29 22:18:49 ip-10-0-0-61 kernel: [    6.623804]   #15cpu 15 spinlock event irq 143
Nov 29 22:18:49 ip-10-0-0-61 kernel: [    6.631229] installing Xen timer for CPU 16
Nov 29 22:18:49 ip-10-0-0-61 kernel: [    6.636416]   #16cpu 16 spinlock event irq 149
Nov 29 22:18:49 ip-10-0-0-61 kernel: [    6.643856] installing Xen timer for CPU 17
Nov 29 22:18:49 ip-10-0-0-61 kernel: [    6.648969]   #17cpu 17 spinlock event irq 155
Nov 29 22:18:49 ip-10-0-0-61 kernel: [    6.656390] installing Xen timer for CPU 18
Nov 29 22:18:49 ip-10-0-0-61 kernel: [    6.661444] 
Nov 29 22:18:49 ip-10-0-0-61 kernel: [    6.663913] .... node  #0, CPUs:    #18cpu 18 spinlock event irq 161
Nov 29 22:18:49 ip-10-0-0-61 kernel: [    6.673869] installing Xen timer for CPU 19
Nov 29 22:18:49 ip-10-0-0-61 kernel: [    6.679122]   #19cpu 19 spinlock event irq 167
Nov 29 22:18:49 ip-10-0-0-61 kernel: [    6.686485] installing Xen timer for CPU 20
Nov 29 22:18:49 ip-10-0-0-61 kernel: [    6.691610]   #20cpu 20 spinlock event irq 173
Nov 29 22:18:49 ip-10-0-0-61 kernel: [    6.699001] installing Xen timer for CPU 21
Nov 29 22:18:49 ip-10-0-0-61 kernel: [    6.704058]   #21cpu 21 spinlock event irq 179
Nov 29 22:18:49 ip-10-0-0-61 kernel: [    6.711372] installing Xen timer for CPU 22
Nov 29 22:18:49 ip-10-0-0-61 kernel: [    6.716604]   #22cpu 22 spinlock event irq 185
Nov 29 22:18:49 ip-10-0-0-61 kernel: [    6.723925] installing Xen timer for CPU 23
Nov 29 22:18:49 ip-10-0-0-61 kernel: [    6.729076]   #23cpu 23 spinlock event irq 191
Nov 29 22:18:49 ip-10-0-0-61 kernel: [    6.736560] installing Xen timer for CPU 24
Nov 29 22:18:49 ip-10-0-0-61 kernel: [    6.741660]   #24cpu 24 spinlock event irq 197
Nov 29 22:18:49 ip-10-0-0-61 kernel: [    6.749038] installing Xen timer for CPU 25
Nov 29 22:18:49 ip-10-0-0-61 kernel: [    6.754396]   #25cpu 25 spinlock event irq 203
Nov 29 22:18:49 ip-10-0-0-61 kernel: [    6.761925] installing Xen timer for CPU 26
Nov 29 22:18:49 ip-10-0-0-61 kernel: [    6.767199]   #26cpu 26 spinlock event irq 209
Nov 29 22:18:49 ip-10-0-0-61 kernel: [    6.774744] installing Xen timer for CPU 27
Nov 29 22:18:49 ip-10-0-0-61 kernel: [    6.780125] 
Nov 29 22:18:49 ip-10-0-0-61 kernel: [    6.782661] .... node  #1, CPUs:    #27cpu 27 spinlock event irq 215
Nov 29 22:18:49 ip-10-0-0-61 kernel: [    6.792753] installing Xen timer for CPU 28
Nov 29 22:18:49 ip-10-0-0-61 kernel: [    6.798077]   #28cpu 28 spinlock event irq 221
Nov 29 22:18:49 ip-10-0-0-61 kernel: [    6.805484] installing Xen timer for CPU 29
Nov 29 22:18:49 ip-10-0-0-61 kernel: [    6.810645]   #29cpu 29 spinlock event irq 227
Nov 29 22:18:49 ip-10-0-0-61 kernel: [    6.818271] installing Xen timer for CPU 30
Nov 29 22:18:49 ip-10-0-0-61 kernel: [    6.823317]   #30cpu 30 spinlock event irq 233
Nov 29 22:18:49 ip-10-0-0-61 kernel: [    6.830786] installing Xen timer for CPU 31
Nov 29 22:18:49 ip-10-0-0-61 kernel: [    6.835979]   #31cpu 31 spinlock event irq 239
Nov 29 22:18:49 ip-10-0-0-61 kernel: [    6.843359] installing Xen timer for CPU 32
Nov 29 22:18:49 ip-10-0-0-61 kernel: [    6.848480]   #32cpu 32 spinlock event irq 245
Nov 29 22:18:49 ip-10-0-0-61 kernel: [    6.856173] installing Xen timer for CPU 33
Nov 29 22:18:49 ip-10-0-0-61 kernel: [    6.861322]   #33cpu 33 spinlock event irq 251
Nov 29 22:18:49 ip-10-0-0-61 kernel: [    6.869066] installing Xen timer for CPU 34
Nov 29 22:18:49 ip-10-0-0-61 kernel: [    6.874471]   #34cpu 34 spinlock event irq 257
Nov 29 22:18:49 ip-10-0-0-61 kernel: [    6.882214] installing Xen timer for CPU 35
Nov 29 22:18:49 ip-10-0-0-61 kernel: [    6.887752]   #35cpu 35 spinlock event irq 263
Nov 29 22:18:49 ip-10-0-0-61 kernel: [    6.895240] x86: Booted up 2 nodes, 36 CPUs
Nov 29 22:18:49 ip-10-0-0-61 kernel: [    6.900210] smpboot: Total of 36 processors activated (208805.76 BogoMIPS)
Nov 29 22:18:49 ip-10-0-0-61 kernel: [    6.909852] devtmpfs: initialized
Nov 29 22:18:49 ip-10-0-0-61 kernel: [    6.920230] evm: security.selinux
Nov 29 22:18:49 ip-10-0-0-61 kernel: [    6.924539] evm: security.SMACK64
Nov 29 22:18:49 ip-10-0-0-61 kernel: [    6.928852] evm: security.SMACK64EXEC
Nov 29 22:18:49 ip-10-0-0-61 kernel: [    6.933392] evm: security.SMACK64TRANSMUTE
Nov 29 22:18:49 ip-10-0-0-61 kernel: [    6.938580] evm: security.SMACK64MMAP
Nov 29 22:18:49 ip-10-0-0-61 kernel: [    6.943167] evm: security.ima
Nov 29 22:18:49 ip-10-0-0-61 kernel: [    6.947197] evm: security.capability
Nov 29 22:18:49 ip-10-0-0-61 kernel: [    6.952111] clocksource: jiffies: mask: 0xffffffff max_cycles: 0xffffffff, max_idle_ns: 7645041785100000 ns
Nov 29 22:18:49 ip-10-0-0-61 kernel: [    6.963177] futex hash table entries: 32768 (order: 9, 2097152 bytes)
Nov 29 22:18:49 ip-10-0-0-61 kernel: [    6.971254] RTC time: 22:18:39, date: 11/29/18
Nov 29 22:18:49 ip-10-0-0-61 kernel: [    6.978635] NET: Registered protocol family 16
Nov 29 22:18:49 ip-10-0-0-61 kernel: [    6.996296] cpuidle: using governor ladder
Nov 29 22:18:49 ip-10-0-0-61 kernel: [    7.013504] cpuidle: using governor menu
Nov 29 22:18:49 ip-10-0-0-61 kernel: [    7.018467] PCCT header not found.
Nov 29 22:18:49 ip-10-0-0-61 kernel: [    7.022922] ACPI: bus type PCI registered
Nov 29 22:18:49 ip-10-0-0-61 kernel: [    7.027899] acpiphp: ACPI Hot Plug PCI Controller Driver version: 0.5
Nov 29 22:18:49 ip-10-0-0-61 kernel: [    7.035709] PCI: Using configuration type 1 for base access
Nov 29 22:18:49 ip-10-0-0-61 kernel: [    7.055001] ACPI: Added _OSI(Module Device)
Nov 29 22:18:49 ip-10-0-0-61 kernel: [    7.060207] ACPI: Added _OSI(Processor Device)
Nov 29 22:18:49 ip-10-0-0-61 kernel: [    7.065342] ACPI: Added _OSI(3.0 _SCP Extensions)
Nov 29 22:18:49 ip-10-0-0-61 kernel: [    7.070998] ACPI: Added _OSI(Processor Aggregator Device)
Nov 29 22:18:49 ip-10-0-0-61 kernel: [    7.079719] xen: --> pirq=16 -> irq=9 (gsi=9)
Nov 29 22:18:49 ip-10-0-0-61 kernel: [    7.085272] ACPI: Interpreter enabled
Nov 29 22:18:49 ip-10-0-0-61 kernel: [    7.089971] ACPI: (supports S0 S4 S5)
Nov 29 22:18:49 ip-10-0-0-61 kernel: [    7.094505] ACPI: Using IOAPIC for interrupt routing
Nov 29 22:18:49 ip-10-0-0-61 kernel: [    7.100444] PCI: Using host bridge windows from ACPI; if necessary, use "pci=nocrs" and report a bug
Nov 29 22:18:49 ip-10-0-0-61 kernel: [    7.176558] ACPI: PCI Root Bridge [PCI0] (domain 0000 [bus 00-ff])
Nov 29 22:18:49 ip-10-0-0-61 kernel: [    7.183723] acpi PNP0A03:00: _OSC: OS supports [ASPM ClockPM Segments MSI]
Nov 29 22:18:49 ip-10-0-0-61 kernel: [    7.191531] acpi PNP0A03:00: _OSC failed (AE_NOT_FOUND); disabling ASPM
Nov 29 22:18:49 ip-10-0-0-61 kernel: [    7.198846] acpi PNP0A03:00: fail to add MMCONFIG information, can't access extended PCI configuration space under this bridge.
Nov 29 22:18:49 ip-10-0-0-61 kernel: [    7.212341] acpiphp: Slot [0] registered
Nov 29 22:18:49 ip-10-0-0-61 kernel: [    7.219020] acpiphp: Slot [3] registered
Nov 29 22:18:49 ip-10-0-0-61 kernel: [    7.224840] acpiphp: Slot [4] registered
Nov 29 22:18:49 ip-10-0-0-61 kernel: [    7.230521] acpiphp: Slot [5] registered
Nov 29 22:18:49 ip-10-0-0-61 kernel: [    7.236711] acpiphp: Slot [6] registered
Nov 29 22:18:49 ip-10-0-0-61 kernel: [    7.242355] acpiphp: Slot [7] registered
Nov 29 22:18:49 ip-10-0-0-61 kernel: [    7.248164] acpiphp: Slot [8] registered
Nov 29 22:18:49 ip-10-0-0-61 kernel: [    7.254331] acpiphp: Slot [9] registered
Nov 29 22:18:49 ip-10-0-0-61 kernel: [    7.259998] acpiphp: Slot [10] registered
Nov 29 22:18:49 ip-10-0-0-61 kernel: [    7.265763] acpiphp: Slot [11] registered
Nov 29 22:18:49 ip-10-0-0-61 kernel: [    7.271407] acpiphp: Slot [12] registered
Nov 29 22:18:49 ip-10-0-0-61 kernel: [    7.277171] acpiphp: Slot [13] registered
Nov 29 22:18:49 ip-10-0-0-61 kernel: [    7.282979] acpiphp: Slot [14] registered
Nov 29 22:18:49 ip-10-0-0-61 kernel: [    7.288768] acpiphp: Slot [15] registered
Nov 29 22:18:49 ip-10-0-0-61 kernel: [    7.294484] acpiphp: Slot [16] registered
Nov 29 22:18:49 ip-10-0-0-61 kernel: [    7.300258] acpiphp: Slot [17] registered
Nov 29 22:18:49 ip-10-0-0-61 kernel: [    7.306086] acpiphp: Slot [18] registered
Nov 29 22:18:49 ip-10-0-0-61 kernel: [    7.311772] acpiphp: Slot [19] registered
Nov 29 22:18:49 ip-10-0-0-61 kernel: [    7.317737] acpiphp: Slot [20] registered
Nov 29 22:18:49 ip-10-0-0-61 kernel: [    7.323398] acpiphp: Slot [21] registered
Nov 29 22:18:49 ip-10-0-0-61 kernel: [    7.329235] acpiphp: Slot [22] registered
Nov 29 22:18:49 ip-10-0-0-61 kernel: [    7.335083] acpiphp: Slot [23] registered
Nov 29 22:18:49 ip-10-0-0-61 kernel: [    7.340933] acpiphp: Slot [24] registered
Nov 29 22:18:49 ip-10-0-0-61 kernel: [    7.361101] acpiphp: Slot [25] registered
Nov 29 22:18:49 ip-10-0-0-61 kernel: [    7.366981] acpiphp: Slot [26] registered
Nov 29 22:18:49 ip-10-0-0-61 kernel: [    7.372496] acpiphp: Slot [27] registered
Nov 29 22:18:49 ip-10-0-0-61 kernel: [    7.378056] acpiphp: Slot [28] registered
Nov 29 22:18:49 ip-10-0-0-61 kernel: [    7.383573] acpiphp: Slot [29] registered
Nov 29 22:18:49 ip-10-0-0-61 kernel: [    7.389148] acpiphp: Slot [30] registered
Nov 29 22:18:49 ip-10-0-0-61 kernel: [    7.394769] acpiphp: Slot [31] registered
Nov 29 22:18:49 ip-10-0-0-61 kernel: [    7.400182] PCI host bridge to bus 0000:00
Nov 29 22:18:49 ip-10-0-0-61 kernel: [    7.405256] pci_bus 0000:00: root bus resource [io  0x0000-0x0cf7 window]
Nov 29 22:18:49 ip-10-0-0-61 kernel: [    7.412911] pci_bus 0000:00: root bus resource [io  0x0d00-0xffff window]
Nov 29 22:18:49 ip-10-0-0-61 kernel: [    7.420564] pci_bus 0000:00: root bus resource [mem 0x000a0000-0x000bffff window]
Nov 29 22:18:49 ip-10-0-0-61 kernel: [    7.429159] pci_bus 0000:00: root bus resource [mem 0xf0000000-0xfbffffff window]
Nov 29 22:18:49 ip-10-0-0-61 kernel: [    7.437879] pci_bus 0000:00: root bus resource [bus 00-ff]
Nov 29 22:18:49 ip-10-0-0-61 kernel: [    7.444525] pci 0000:00:00.0: [8086:1237] type 00 class 0x060000
Nov 29 22:18:49 ip-10-0-0-61 kernel: [    7.447205] pci 0000:00:01.0: [8086:7000] type 00 class 0x060100
Nov 29 22:18:49 ip-10-0-0-61 kernel: [    7.451252] pci 0000:00:01.1: [8086:7010] type 00 class 0x010180
Nov 29 22:18:49 ip-10-0-0-61 kernel: [    7.453499] pci 0000:00:01.1: reg 0x20: [io  0xc100-0xc10f]
Nov 29 22:18:49 ip-10-0-0-61 kernel: [    7.454496] pci 0000:00:01.1: legacy IDE quirk: reg 0x10: [io  0x01f0-0x01f7]
Nov 29 22:18:49 ip-10-0-0-61 kernel: [    7.462526] pci 0000:00:01.1: legacy IDE quirk: reg 0x14: [io  0x03f6]
Nov 29 22:18:49 ip-10-0-0-61 kernel: [    7.469971] pci 0000:00:01.1: legacy IDE quirk: reg 0x18: [io  0x0170-0x0177]
Nov 29 22:18:49 ip-10-0-0-61 kernel: [    7.478081] pci 0000:00:01.1: legacy IDE quirk: reg 0x1c: [io  0x0376]
Nov 29 22:18:49 ip-10-0-0-61 kernel: [    7.486388] pci 0000:00:01.3: [8086:7113] type 00 class 0x068000
Nov 29 22:18:49 ip-10-0-0-61 kernel: [    7.486561] * Found PM-Timer Bug on the chipset. Due to workarounds for a bug,
Nov 29 22:18:49 ip-10-0-0-61 kernel: [    7.486561] * this clock source is slow. Consider trying other clock sources
Nov 29 22:18:49 ip-10-0-0-61 kernel: [    7.504436] pci 0000:00:01.3: quirk: [io  0xb000-0xb03f] claimed by PIIX4 ACPI
Nov 29 22:18:49 ip-10-0-0-61 kernel: [    7.514371] pci 0000:00:02.0: [1013:00b8] type 00 class 0x030000
Nov 29 22:18:49 ip-10-0-0-61 kernel: [    7.515014] pci 0000:00:02.0: reg 0x10: [mem 0xf0000000-0xf1ffffff pref]
Nov 29 22:18:49 ip-10-0-0-61 kernel: [    7.515419] pci 0000:00:02.0: reg 0x14: [mem 0xf3008000-0xf3008fff]
Nov 29 22:18:49 ip-10-0-0-61 kernel: [    7.518550] pci 0000:00:03.0: [8086:10ed] type 00 class 0x020000
Nov 29 22:18:49 ip-10-0-0-61 kernel: [    7.520039] pci 0000:00:03.0: reg 0x10: [mem 0xf3000000-0xf3003fff 64bit pref]
Nov 29 22:18:49 ip-10-0-0-61 kernel: [    7.521222] pci 0000:00:03.0: reg 0x1c: [mem 0xf3004000-0xf3007fff 64bit pref]
Nov 29 22:18:49 ip-10-0-0-61 kernel: [    7.525206] pci 0000:00:1f.0: [5853:0001] type 00 class 0xff8000
Nov 29 22:18:49 ip-10-0-0-61 kernel: [    7.525955] pci 0000:00:1f.0: reg 0x10: [io  0xc000-0xc0ff]
Nov 29 22:18:49 ip-10-0-0-61 kernel: [    7.526363] pci 0000:00:1f.0: reg 0x14: [mem 0xf2000000-0xf2ffffff pref]
Nov 29 22:18:49 ip-10-0-0-61 kernel: [    7.529288] ACPI: PCI Interrupt Link [LNKA] (IRQs *5 10 11)
Nov 29 22:18:49 ip-10-0-0-61 kernel: [    7.539959] ACPI: PCI Interrupt Link [LNKB] (IRQs 5 *10 11)
Nov 29 22:18:49 ip-10-0-0-61 kernel: [    7.551155] ACPI: PCI Interrupt Link [LNKC] (IRQs 5 10 *11)
Nov 29 22:18:49 ip-10-0-0-61 kernel: [    7.562583] ACPI: PCI Interrupt Link [LNKD] (IRQs *5 10 11)
Nov 29 22:18:49 ip-10-0-0-61 kernel: [    7.600828] ACPI: Enabled 2 GPEs in block 00 to 0F
Nov 29 22:18:49 ip-10-0-0-61 kernel: [    7.608518] xen:balloon: Initialising balloon driver
Nov 29 22:18:49 ip-10-0-0-61 kernel: [    7.615475] vgaarb: setting as boot device: PCI:0000:00:02.0
Nov 29 22:18:49 ip-10-0-0-61 kernel: [    7.622953] vgaarb: device added: PCI:0000:00:02.0,decodes=io+mem,owns=io+mem,locks=none
Nov 29 22:18:49 ip-10-0-0-61 kernel: [    7.633393] vgaarb: loaded
Nov 29 22:18:49 ip-10-0-0-61 kernel: [    7.637639] vgaarb: bridge control possible 0000:00:02.0
Nov 29 22:18:49 ip-10-0-0-61 kernel: [    7.644114] SCSI subsystem initialized
Nov 29 22:18:49 ip-10-0-0-61 kernel: [    7.649088] libata version 3.00 loaded.
Nov 29 22:18:49 ip-10-0-0-61 kernel: [    7.649110] ACPI: bus type USB registered
Nov 29 22:18:49 ip-10-0-0-61 kernel: [    7.654291] usbcore: registered new interface driver usbfs
Nov 29 22:18:49 ip-10-0-0-61 kernel: [    7.660827] usbcore: registered new interface driver hub
Nov 29 22:18:49 ip-10-0-0-61 kernel: [    7.667458] usbcore: registered new device driver usb
Nov 29 22:18:49 ip-10-0-0-61 kernel: [    7.673856] PCI: Using ACPI for IRQ routing
Nov 29 22:18:49 ip-10-0-0-61 kernel: [    7.679214] PCI: pci_cache_line_size set to 64 bytes
Nov 29 22:18:49 ip-10-0-0-61 kernel: [    7.680089] e820: reserve RAM buffer [mem 0x0009e000-0x0009ffff]
Nov 29 22:18:49 ip-10-0-0-61 kernel: [    7.680243] NetLabel: Initializing
Nov 29 22:18:49 ip-10-0-0-61 kernel: [    7.684775] NetLabel:  domain hash size = 128
Nov 29 22:18:49 ip-10-0-0-61 kernel: [    7.690085] NetLabel:  protocols = UNLABELED CIPSOv4
Nov 29 22:18:49 ip-10-0-0-61 kernel: [    7.696146] NetLabel:  unlabeled traffic allowed by default
Nov 29 22:18:49 ip-10-0-0-61 kernel: [    7.702843] HPET: 3 timers in total, 0 timers will be used for per-cpu timer
Nov 29 22:18:49 ip-10-0-0-61 kernel: [    7.710903] hpet0: at MMIO 0xfed00000, IRQs 2, 8, 0
Nov 29 22:18:49 ip-10-0-0-61 kernel: [    7.720013] hpet0: 3 comparators, 64-bit 62.500000 MHz counter
Nov 29 22:18:49 ip-10-0-0-61 kernel: [    7.729233] random: nonblocking pool is initialized
Nov 29 22:18:49 ip-10-0-0-61 kernel: [    7.736778] amd_nb: Cannot enumerate AMD northbridges
Nov 29 22:18:49 ip-10-0-0-61 kernel: [    7.742849] clocksource: Switched to clocksource xen
Nov 29 22:18:49 ip-10-0-0-61 kernel: [    7.755635] AppArmor: AppArmor Filesystem Enabled
Nov 29 22:18:49 ip-10-0-0-61 kernel: [    7.761286] pnp: PnP ACPI init
Nov 29 22:18:49 ip-10-0-0-61 kernel: [    7.765685] system 00:00: [mem 0x00000000-0x0009ffff] could not be reserved
Nov 29 22:18:49 ip-10-0-0-61 kernel: [    7.774475] system 00:00: Plug and Play ACPI device, IDs PNP0c02 (active)
Nov 29 22:18:49 ip-10-0-0-61 kernel: [    7.774531] system 00:01: [io  0x08a0-0x08a3] has been reserved
Nov 29 22:18:49 ip-10-0-0-61 kernel: [    7.782278] system 00:01: [io  0x0cc0-0x0ccf] has been reserved
Nov 29 22:18:49 ip-10-0-0-61 kernel: [    7.789727] system 00:01: [io  0x04d0-0x04d1] has been reserved
Nov 29 22:18:49 ip-10-0-0-61 kernel: [    7.797192] system 00:01: Plug and Play ACPI device, IDs PNP0c02 (active)
Nov 29 22:18:49 ip-10-0-0-61 kernel: [    7.797215] xen: --> pirq=17 -> irq=8 (gsi=8)
Nov 29 22:18:49 ip-10-0-0-61 kernel: [    7.797230] pnp 00:02: Plug and Play ACPI device, IDs PNP0b00 (active)
Nov 29 22:18:49 ip-10-0-0-61 kernel: [    7.797249] xen: --> pirq=18 -> irq=12 (gsi=12)
Nov 29 22:18:49 ip-10-0-0-61 kernel: [    7.797261] pnp 00:03: Plug and Play ACPI device, IDs PNP0f13 (active)
Nov 29 22:18:49 ip-10-0-0-61 kernel: [    7.797278] xen: --> pirq=19 -> irq=1 (gsi=1)
Nov 29 22:18:49 ip-10-0-0-61 kernel: [    7.797294] pnp 00:04: Plug and Play ACPI device, IDs PNP0303 PNP030b (active)
Nov 29 22:18:49 ip-10-0-0-61 kernel: [    7.797310] xen: --> pirq=20 -> irq=6 (gsi=6)
Nov 29 22:18:49 ip-10-0-0-61 kernel: [    7.797312] pnp 00:05: [dma 2]
Nov 29 22:18:49 ip-10-0-0-61 kernel: [    7.797324] pnp 00:05: Plug and Play ACPI device, IDs PNP0700 (active)
Nov 29 22:18:49 ip-10-0-0-61 kernel: [    7.797345] xen: --> pirq=21 -> irq=4 (gsi=4)
Nov 29 22:18:49 ip-10-0-0-61 kernel: [    7.797357] pnp 00:06: Plug and Play ACPI device, IDs PNP0501 (active)
Nov 29 22:18:49 ip-10-0-0-61 kernel: [    7.797391] system 00:07: [io  0x10c0-0x1141] has been reserved
Nov 29 22:18:49 ip-10-0-0-61 kernel: [    7.805157] system 00:07: [io  0xb044-0xb047] has been reserved
Nov 29 22:18:49 ip-10-0-0-61 kernel: [    7.812806] system 00:07: Plug and Play ACPI device, IDs PNP0c02 (active)
Nov 29 22:18:49 ip-10-0-0-61 kernel: [    7.838928] pnp: PnP ACPI: found 8 devices
Nov 29 22:18:49 ip-10-0-0-61 kernel: [    7.850262] clocksource: acpi_pm: mask: 0xffffff max_cycles: 0xffffff, max_idle_ns: 2085701024 ns
Nov 29 22:18:49 ip-10-0-0-61 kernel: [    7.860538] pci_bus 0000:00: resource 4 [io  0x0000-0x0cf7 window]
Nov 29 22:18:49 ip-10-0-0-61 kernel: [    7.860539] pci_bus 0000:00: resource 5 [io  0x0d00-0xffff window]
Nov 29 22:18:49 ip-10-0-0-61 kernel: [    7.860541] pci_bus 0000:00: resource 6 [mem 0x000a0000-0x000bffff window]
Nov 29 22:18:49 ip-10-0-0-61 kernel: [    7.860543] pci_bus 0000:00: resource 7 [mem 0xf0000000-0xfbffffff window]
Nov 29 22:18:49 ip-10-0-0-61 kernel: [    7.860646] NET: Registered protocol family 2
Nov 29 22:18:49 ip-10-0-0-61 kernel: [    7.866606] TCP established hash table entries: 524288 (order: 10, 4194304 bytes)
Nov 29 22:18:49 ip-10-0-0-61 kernel: [    7.875596] TCP bind hash table entries: 65536 (order: 8, 1048576 bytes)
Nov 29 22:18:49 ip-10-0-0-61 kernel: [    7.882981] TCP: Hash tables configured (established 524288 bind 65536)
Nov 29 22:18:49 ip-10-0-0-61 kernel: [    7.890402] UDP hash table entries: 32768 (order: 8, 1048576 bytes)
Nov 29 22:18:49 ip-10-0-0-61 kernel: [    7.897682] UDP-Lite hash table entries: 32768 (order: 8, 1048576 bytes)
Nov 29 22:18:49 ip-10-0-0-61 kernel: [    7.905670] NET: Registered protocol family 1
Nov 29 22:18:49 ip-10-0-0-61 kernel: [    7.910876] pci 0000:00:00.0: Limiting direct PCI/PCI transfers
Nov 29 22:18:49 ip-10-0-0-61 kernel: [    7.917926] pci 0000:00:01.0: PIIX3: Enabling Passive Release
Nov 29 22:18:49 ip-10-0-0-61 kernel: [    7.924593] pci 0000:00:01.0: Activating ISA DMA hang workarounds
Nov 29 22:18:49 ip-10-0-0-61 kernel: [    7.931637] pci 0000:00:02.0: Video device with shadowed ROM
Nov 29 22:18:49 ip-10-0-0-61 kernel: [    7.931872] PCI: CLS 0 bytes, default 64
Nov 29 22:18:49 ip-10-0-0-61 kernel: [    7.931911] Trying to unpack rootfs image as initramfs...
Nov 29 22:18:49 ip-10-0-0-61 kernel: [    8.090682] Freeing initrd memory: 12412K
Nov 29 22:18:49 ip-10-0-0-61 kernel: [    8.097576] PCI-DMA: Using software bounce buffering for IO (SWIOTLB)
Nov 29 22:18:49 ip-10-0-0-61 kernel: [    8.105896] software IO TLB [mem 0xec000000-0xf0000000] (64MB) mapped at [ffff8800ec000000-ffff8800efffffff]
Nov 29 22:18:49 ip-10-0-0-61 kernel: [    8.118946] RAPL PMU detected, API unit is 2^-32 Joules, 3 fixed counters 655360 ms ovfl timer
Nov 29 22:18:49 ip-10-0-0-61 kernel: [    8.130336] hw unit of domain pp0-core 2^-14 Joules
Nov 29 22:18:49 ip-10-0-0-61 kernel: [    8.141712] hw unit of domain package 2^-14 Joules
Nov 29 22:18:49 ip-10-0-0-61 kernel: [    8.149259] hw unit of domain dram 2^-16 Joules
Nov 29 22:18:49 ip-10-0-0-61 kernel: [    8.155861] Scanning for low memory corruption every 60 seconds
Nov 29 22:18:49 ip-10-0-0-61 kernel: [    8.165719] audit: initializing netlink subsys (disabled)
Nov 29 22:18:49 ip-10-0-0-61 kernel: [    8.173856] audit: type=2000 audit(1543529920.325:1): initialized
Nov 29 22:18:49 ip-10-0-0-61 kernel: [    8.182806] Initialise system trusted keyring
Nov 29 22:18:49 ip-10-0-0-61 kernel: [    8.189465] HugeTLB registered 1 GB page size, pre-allocated 0 pages
Nov 29 22:18:49 ip-10-0-0-61 kernel: [    8.198184] HugeTLB registered 2 MB page size, pre-allocated 0 pages
Nov 29 22:18:49 ip-10-0-0-61 kernel: [    8.207846] zbud: loaded
Nov 29 22:18:49 ip-10-0-0-61 kernel: [    8.219315] VFS: Disk quotas dquot_6.6.0
Nov 29 22:18:49 ip-10-0-0-61 kernel: [    8.224912] VFS: Dquot-cache hash table entries: 512 (order 0, 4096 bytes)
Nov 29 22:18:49 ip-10-0-0-61 kernel: [    8.232420] squashfs: version 4.0 (2009/01/31) Phillip Lougher
Nov 29 22:18:49 ip-10-0-0-61 kernel: [    8.238551] fuse init (API version 7.23)
Nov 29 22:18:49 ip-10-0-0-61 kernel: [    8.244001] Key type big_key registered
Nov 29 22:18:49 ip-10-0-0-61 kernel: [    8.248799] Allocating IMA MOK and blacklist keyrings.
Nov 29 22:18:49 ip-10-0-0-61 kernel: [    8.252952] Key type asymmetric registered
Nov 29 22:18:49 ip-10-0-0-61 kernel: [    8.258233] Asymmetric key parser 'x509' registered
Nov 29 22:18:49 ip-10-0-0-61 kernel: [    8.263986] Block layer SCSI generic (bsg) driver version 0.4 loaded (major 249)
Nov 29 22:18:49 ip-10-0-0-61 kernel: [    8.272982] io scheduler noop registered
Nov 29 22:18:49 ip-10-0-0-61 kernel: [    8.278085] io scheduler deadline registered (default)
Nov 29 22:18:49 ip-10-0-0-61 kernel: [    8.284299] io scheduler cfq registered
Nov 29 22:18:49 ip-10-0-0-61 kernel: [    8.289411] pci_hotplug: PCI Hot Plug PCI Core version: 0.5
Nov 29 22:18:49 ip-10-0-0-61 kernel: [    8.296112] pciehp: PCI Express Hot Plug Controller Driver version: 0.4
Nov 29 22:18:49 ip-10-0-0-61 kernel: [    8.303852] intel_idle: MWAIT substates: 0x2120
Nov 29 22:18:49 ip-10-0-0-61 kernel: [    8.303931] intel_idle: v0.4.1 model 0x3F
Nov 29 22:18:49 ip-10-0-0-61 kernel: [    8.303932] intel_idle: lapic_timer_reliable_states 0x2
Nov 29 22:18:49 ip-10-0-0-61 kernel: [    8.305072] input: Power Button as /devices/LNXSYSTM:00/LNXPWRBN:00/input/input0
Nov 29 22:18:49 ip-10-0-0-61 kernel: [    8.314150] ACPI: Power Button [PWRF]
Nov 29 22:18:49 ip-10-0-0-61 kernel: [    8.318770] input: Sleep Button as /devices/LNXSYSTM:00/LNXSLPBN:00/input/input1
Nov 29 22:18:49 ip-10-0-0-61 kernel: [    8.327715] ACPI: Sleep Button [SLPF]
Nov 29 22:18:49 ip-10-0-0-61 kernel: [    8.333241] xen: --> pirq=22 -> irq=47 (gsi=47)
Nov 29 22:18:49 ip-10-0-0-61 kernel: [    8.333394] xen:grant_table: Grant tables using version 1 layout
Nov 29 22:18:49 ip-10-0-0-61 kernel: [    8.339460] Grant table initialized
Nov 29 22:18:49 ip-10-0-0-61 kernel: [    8.343606] Cannot get hvm parameter CONSOLE_EVTCHN (18): -22!
Nov 29 22:18:49 ip-10-0-0-61 kernel: [    8.349283] Serial: 8250/16550 driver, 4 ports, IRQ sharing enabled
Nov 29 22:18:49 ip-10-0-0-61 kernel: [    8.385704] 00:06: ttyS0 at I/O 0x3f8 (irq = 4, base_baud = 115200) is a 16550A
Nov 29 22:18:49 ip-10-0-0-61 kernel: [    8.394167] Linux agpgart interface v0.103
Nov 29 22:18:49 ip-10-0-0-61 kernel: [    8.406850] brd: module loaded
Nov 29 22:18:49 ip-10-0-0-61 kernel: [    8.414367] loop: module loaded
Nov 29 22:18:49 ip-10-0-0-61 kernel: [    8.418583] ata_piix 0000:00:01.1: version 2.13
Nov 29 22:18:49 ip-10-0-0-61 kernel: [    8.419726] scsi host0: ata_piix
Nov 29 22:18:49 ip-10-0-0-61 kernel: [    8.421917] blkfront: xvda: flush diskcache: enabled; persistent grants: disabled; indirect descriptors: enabled;
Nov 29 22:18:49 ip-10-0-0-61 kernel: [    8.422545]  xvda: xvda1
Nov 29 22:18:49 ip-10-0-0-61 kernel: [    8.439552] scsi host1: ata_piix
Nov 29 22:18:49 ip-10-0-0-61 kernel: [    8.443981] ata1: PATA max MWDMA2 cmd 0x1f0 ctl 0x3f6 bmdma 0xc100 irq 14
Nov 29 22:18:49 ip-10-0-0-61 kernel: [    8.451765] ata2: PATA max MWDMA2 cmd 0x170 ctl 0x376 bmdma 0xc108 irq 15
Nov 29 22:18:49 ip-10-0-0-61 kernel: [    8.459733] libphy: Fixed MDIO Bus: probed
Nov 29 22:18:49 ip-10-0-0-61 kernel: [    8.463764] tun: Universal TUN/TAP device driver, 1.6
Nov 29 22:18:49 ip-10-0-0-61 kernel: [    8.470133] tun: (C) 1999-2004 Max Krasnyansky <maxk@qualcomm.com>
Nov 29 22:18:49 ip-10-0-0-61 kernel: [    8.477832] PPP generic driver version 2.4.2
Nov 29 22:18:49 ip-10-0-0-61 kernel: [    8.483254] xen_netfront: Initialising Xen virtual ethernet driver
Nov 29 22:18:49 ip-10-0-0-61 kernel: [    8.490784] ehci_hcd: USB 2.0 'Enhanced' Host Controller (EHCI) Driver
Nov 29 22:18:49 ip-10-0-0-61 kernel: [    8.498714] ehci-pci: EHCI PCI platform driver
Nov 29 22:18:49 ip-10-0-0-61 kernel: [    8.504187] ehci-platform: EHCI generic platform driver
Nov 29 22:18:49 ip-10-0-0-61 kernel: [    8.510519] ohci_hcd: USB 1.1 'Open' Host Controller (OHCI) Driver
Nov 29 22:18:49 ip-10-0-0-61 kernel: [    8.518189] ohci-pci: OHCI PCI platform driver
Nov 29 22:18:49 ip-10-0-0-61 kernel: [    8.523870] ohci-platform: OHCI generic platform driver
Nov 29 22:18:49 ip-10-0-0-61 kernel: [    8.530550] uhci_hcd: USB Universal Host Controller Interface driver
Nov 29 22:18:49 ip-10-0-0-61 kernel: [    8.538496] i8042: PNP: PS/2 Controller [PNP0303:PS2K,PNP0f13:PS2M] at 0x60,0x64 irq 1,12
Nov 29 22:18:49 ip-10-0-0-61 kernel: [    8.551508] serio: i8042 KBD port at 0x60,0x64 irq 1
Nov 29 22:18:49 ip-10-0-0-61 kernel: [    8.557951] serio: i8042 AUX port at 0x60,0x64 irq 12
Nov 29 22:18:49 ip-10-0-0-61 kernel: [    8.564356] mousedev: PS/2 mouse device common for all mice
Nov 29 22:18:49 ip-10-0-0-61 kernel: [    8.571574] rtc_cmos 00:02: rtc core: registered rtc_cmos as rtc0
Nov 29 22:18:49 ip-10-0-0-61 kernel: [    8.572446] input: AT Translated Set 2 keyboard as /devices/platform/i8042/serio0/input/input2
Nov 29 22:18:49 ip-10-0-0-61 kernel: [    8.589682] rtc_cmos 00:02: alarms up to one day, 114 bytes nvram, hpet irqs
Nov 29 22:18:49 ip-10-0-0-61 kernel: [    8.598632] i2c /dev entries driver
Nov 29 22:18:49 ip-10-0-0-61 kernel: [    8.603332] device-mapper: uevent: version 1.0.3
Nov 29 22:18:49 ip-10-0-0-61 kernel: [    8.609184] device-mapper: ioctl: 4.34.0-ioctl (2015-10-28) initialised: dm-devel@redhat.com
Nov 29 22:18:49 ip-10-0-0-61 kernel: [    8.618790] Intel P-state driver initializing.
Nov 29 22:18:49 ip-10-0-0-61 kernel: [    8.626471] NET: Registered protocol family 10
Nov 29 22:18:49 ip-10-0-0-61 kernel: [    8.634520] NET: Registered protocol family 17
Nov 29 22:18:49 ip-10-0-0-61 kernel: [    8.640544] Key type dns_resolver registered
Nov 29 22:18:49 ip-10-0-0-61 kernel: [    8.646445] registered taskstats version 1
Nov 29 22:18:49 ip-10-0-0-61 kernel: [    8.651789] Loading compiled-in X.509 certificates
Nov 29 22:18:49 ip-10-0-0-61 kernel: [    8.658481] Loaded X.509 cert 'Build time autogenerated kernel key: 999331f4e42d791a53730c2883c63539f919e8cf'
Nov 29 22:18:49 ip-10-0-0-61 kernel: [    8.669982] zswap: loaded using pool lzo/zbud
Nov 29 22:18:49 ip-10-0-0-61 kernel: [    8.678975] Key type trusted registered
Nov 29 22:18:49 ip-10-0-0-61 kernel: [    8.689120] Key type encrypted registered
Nov 29 22:18:49 ip-10-0-0-61 kernel: [    8.694251] AppArmor: AppArmor sha1 policy hashing enabled
Nov 29 22:18:49 ip-10-0-0-61 kernel: [    8.701102] ima: No TPM chip found, activating TPM-bypass!
Nov 29 22:18:49 ip-10-0-0-61 kernel: [    8.707826] ima: Allocated hash algorithm: sha1
Nov 29 22:18:49 ip-10-0-0-61 kernel: [    8.713665] evm: HMAC attrs: 0x1
Nov 29 22:18:49 ip-10-0-0-61 kernel: [    8.718688] xenbus_probe_frontend: Device with no driver: device/pci/0
Nov 29 22:18:49 ip-10-0-0-61 kernel: [    8.726522]   Magic number: 10:816:351
Nov 29 22:18:49 ip-10-0-0-61 kernel: [    8.731791] memory memory197: hash matches
Nov 29 22:18:49 ip-10-0-0-61 kernel: [    8.737270] rtc_cmos 00:02: setting system clock to 2018-11-29 22:18:41 UTC (1543529921)
Nov 29 22:18:49 ip-10-0-0-61 kernel: [    8.747125] BIOS EDD facility v0.16 2004-Jun-25, 0 devices found
Nov 29 22:18:49 ip-10-0-0-61 kernel: [    8.754120] EDD information not available.
Nov 29 22:18:49 ip-10-0-0-61 kernel: [    8.759563] PM: Hibernation image not present or could not be loaded.
Nov 29 22:18:49 ip-10-0-0-61 kernel: [    8.761760] Freeing unused kernel memory: 1504K
Nov 29 22:18:49 ip-10-0-0-61 kernel: [    8.798949] Write protecting the kernel read-only data: 14336k
Nov 29 22:18:49 ip-10-0-0-61 kernel: [    8.806748] Freeing unused kernel memory: 1856K
Nov 29 22:18:49 ip-10-0-0-61 kernel: [    8.813039] Freeing unused kernel memory: 208K
Nov 29 22:18:49 ip-10-0-0-61 kernel: [    8.903796] ixgbevf: Intel(R) 10 Gigabit PCI Express Virtual Function Network Driver - version 2.12.1-k
Nov 29 22:18:49 ip-10-0-0-61 kernel: [    8.938941] ixgbevf: Copyright (c) 2009 - 2015 Intel Corporation.
Nov 29 22:18:49 ip-10-0-0-61 kernel: [    8.959184] AVX2 version of gcm_enc/dec engaged.
Nov 29 22:18:49 ip-10-0-0-61 kernel: [    8.961613] ixgbevf 0000:00:03.0: 02:b2:d6:7b:32:1e
Nov 29 22:18:49 ip-10-0-0-61 kernel: [    8.961614] ixgbevf 0000:00:03.0: MAC: 1
Nov 29 22:18:49 ip-10-0-0-61 kernel: [    8.961615] ixgbevf 0000:00:03.0: Intel(R) 82599 Virtual Function
Nov 29 22:18:49 ip-10-0-0-61 kernel: [    8.979235] ixgbevf 0000:00:03.0 ens3: renamed from eth0
Nov 29 22:18:49 ip-10-0-0-61 kernel: [    8.988477] AES CTR mode by8 optimization enabled
Nov 29 22:18:49 ip-10-0-0-61 kernel: [    9.154957] tsc: Refined TSC clocksource calibration: 2900.001 MHz
Nov 29 22:18:49 ip-10-0-0-61 kernel: [    9.161271] clocksource: tsc: mask: 0xffffffffffffffff max_cycles: 0x29cd442fade, max_idle_ns: 440795348666 ns
Nov 29 22:18:49 ip-10-0-0-61 kernel: [   10.458379] md: linear personality registered for level -1
Nov 29 22:18:49 ip-10-0-0-61 kernel: [   10.466247] md: multipath personality registered for level -4
Nov 29 22:18:49 ip-10-0-0-61 kernel: [   10.474320] md: raid0 personality registered for level 0
Nov 29 22:18:49 ip-10-0-0-61 kernel: [   10.482750] md: raid1 personality registered for level 1
Nov 29 22:18:49 ip-10-0-0-61 kernel: [   10.538916] raid6: sse2x1   gen() 10035 MB/s
Nov 29 22:18:49 ip-10-0-0-61 kernel: [   10.590914] raid6: sse2x1   xor()  7952 MB/s
Nov 29 22:18:49 ip-10-0-0-61 kernel: [   10.642929] raid6: sse2x2   gen() 12941 MB/s
Nov 29 22:18:49 ip-10-0-0-61 kernel: [   10.694917] raid6: sse2x2   xor()  8630 MB/s
Nov 29 22:18:49 ip-10-0-0-61 kernel: [   10.746920] raid6: sse2x4   gen() 15018 MB/s
Nov 29 22:18:49 ip-10-0-0-61 kernel: [   10.798924] raid6: sse2x4   xor() 10478 MB/s
Nov 29 22:18:49 ip-10-0-0-61 kernel: [   10.850922] raid6: avx2x1   gen() 19777 MB/s
Nov 29 22:18:49 ip-10-0-0-61 kernel: [   10.902920] raid6: avx2x2   gen() 23438 MB/s
Nov 29 22:18:49 ip-10-0-0-61 kernel: [   10.954911] raid6: avx2x4   gen() 26659 MB/s
Nov 29 22:18:49 ip-10-0-0-61 kernel: [   10.959425] raid6: using algorithm avx2x4 gen() 26659 MB/s
Nov 29 22:18:49 ip-10-0-0-61 kernel: [   10.965108] raid6: using avx2x2 recovery algorithm
Nov 29 22:18:49 ip-10-0-0-61 kernel: [   10.971698] xor: automatically using best checksumming function:
Nov 29 22:18:49 ip-10-0-0-61 kernel: [   11.014886]    avx       : 30232.000 MB/sec
Nov 29 22:18:49 ip-10-0-0-61 kernel: [   11.020131] async_tx: api initialized (async)
Nov 29 22:18:49 ip-10-0-0-61 kernel: [   11.032233] md: raid6 personality registered for level 6
Nov 29 22:18:49 ip-10-0-0-61 kernel: [   11.036444] md: raid5 personality registered for level 5
Nov 29 22:18:49 ip-10-0-0-61 kernel: [   11.040372] md: raid4 personality registered for level 4
Nov 29 22:18:49 ip-10-0-0-61 kernel: [   11.049859] md: raid10 personality registered for level 10
Nov 29 22:18:49 ip-10-0-0-61 kernel: [   11.088268] Btrfs loaded
Nov 29 22:18:49 ip-10-0-0-61 kernel: [   11.136160] EXT4-fs (xvda1): mounted filesystem with ordered data mode. Opts: (null)
Nov 29 22:18:49 ip-10-0-0-61 kernel: [   12.352505] Loading iSCSI transport class v2.0-870.
Nov 29 22:18:49 ip-10-0-0-61 kernel: [   12.393574] EXT4-fs (xvda1): re-mounted. Opts: discard
Nov 29 22:18:49 ip-10-0-0-61 kernel: [   12.417774] iscsi: registered transport (tcp)
Nov 29 22:18:49 ip-10-0-0-61 kernel: [   12.507843] iscsi: registered transport (iser)
Nov 29 22:18:49 ip-10-0-0-61 kernel: [   14.063768] audit: type=1400 audit(1543529926.824:2): apparmor="STATUS" operation="profile_load" profile="unconfined" name="/usr/bin/lxc-start" pid=1016 comm="apparmor_parser"
Nov 29 22:18:49 ip-10-0-0-61 kernel: [   14.108129] audit: type=1400 audit(1543529926.868:3): apparmor="STATUS" operation="profile_load" profile="unconfined" name="/usr/lib/lxd/lxd-bridge-proxy" pid=1021 comm="apparmor_parser"
Nov 29 22:18:49 ip-10-0-0-61 kernel: [   14.126863] audit: type=1400 audit(1543529926.884:4): apparmor="STATUS" operation="profile_load" profile="unconfined" name="/usr/sbin/tcpdump" pid=1015 comm="apparmor_parser"
Nov 29 22:18:49 ip-10-0-0-61 kernel: [   14.182132] audit: type=1400 audit(1543529926.940:5): apparmor="STATUS" operation="profile_load" profile="unconfined" name="/sbin/dhclient" pid=1019 comm="apparmor_parser"
Nov 29 22:18:49 ip-10-0-0-61 kernel: [   14.182396] audit: type=1400 audit(1543529926.940:6): apparmor="STATUS" operation="profile_load" profile="unconfined" name="/usr/lib/NetworkManager/nm-dhcp-client.action" pid=1019 comm="apparmor_parser"
Nov 29 22:18:49 ip-10-0-0-61 kernel: [   14.182635] audit: type=1400 audit(1543529926.940:7): apparmor="STATUS" operation="profile_load" profile="unconfined" name="/usr/lib/NetworkManager/nm-dhcp-helper" pid=1019 comm="apparmor_parser"
Nov 29 22:18:49 ip-10-0-0-61 kernel: [   14.182867] audit: type=1400 audit(1543529926.940:8): apparmor="STATUS" operation="profile_load" profile="unconfined" name="/usr/lib/connman/scripts/dhclient-script" pid=1019 comm="apparmor_parser"
Nov 29 22:18:49 ip-10-0-0-61 kernel: [   14.234871] audit: type=1400 audit(1543529926.992:9): apparmor="STATUS" operation="profile_load" profile="unconfined" name="/usr/lib/snapd/snap-confine" pid=1017 comm="apparmor_parser"
Nov 29 22:18:49 ip-10-0-0-61 kernel: [   14.235059] audit: type=1400 audit(1543529926.996:10): apparmor="STATUS" operation="profile_load" profile="unconfined" name="/usr/lib/snapd/snap-confine//mount-namespace-capture-helper" pid=1017 comm="apparmor_parser"
Nov 29 22:18:49 ip-10-0-0-61 kernel: [   14.253999] audit: type=1400 audit(1543529927.012:11): apparmor="STATUS" operation="profile_load" profile="unconfined" name="lxc-container-default" pid=1020 comm="apparmor_parser"
Nov 29 22:18:49 ip-10-0-0-61 kernel: [   14.705756] ixgbevf 0000:00:03.0: NIC Link is Up 10 Gbps
Nov 29 22:18:49 ip-10-0-0-61 kernel: [   14.707274] IPv6: ADDRCONF(NETDEV_UP): ens3: link is not ready
Nov 29 22:18:49 ip-10-0-0-61 kernel: [   14.707303] IPv6: ADDRCONF(NETDEV_CHANGE): ens3: link becomes ready
Nov 29 22:18:49 ip-10-0-0-61 kernel: [   15.153585] ixgbevf 0000:00:03.0: NIC Link is Up 10 Gbps
Nov 29 22:18:49 ip-10-0-0-61 kernel: [   15.155103] IPv6: ADDRCONF(NETDEV_UP): ens3: link is not ready
Nov 29 22:18:49 ip-10-0-0-61 kernel: [   15.155125] IPv6: ADDRCONF(NETDEV_CHANGE): ens3: link becomes ready
Nov 29 22:18:49 ip-10-0-0-61 kernel: [   15.906347] EXT4-fs (xvda1): resizing filesystem from 2096891 to 26214139 blocks
Nov 29 22:18:49 ip-10-0-0-61 kernel: [   15.936364] EXT4-fs (xvda1): resized filesystem to 26214139
Nov 29 22:18:49 ip-10-0-0-61 kernel: [   16.698744] cgroup: new mount options do not match the existing superblock, will be ignored
Nov 29 22:18:49 ip-10-0-0-61 rsyslogd-2039: Could not open output pipe '/dev/xconsole':: No such file or directory [v8.16.0 try http://www.rsyslog.com/e/2039 ]
Nov 29 22:18:49 ip-10-0-0-61 rsyslogd-2007: action 'action 11' suspended, next retry is Thu Nov 29 22:19:19 2018 [v8.16.0 try http://www.rsyslog.com/e/2007 ]
Nov 29 22:18:49 ip-10-0-0-61 cloud-init[1320]: | B . + o oo    ..|
Nov 29 22:18:49 ip-10-0-0-61 cloud-init[1320]: |. = o . o ..  o.o|
Nov 29 22:18:49 ip-10-0-0-61 cloud-init[1320]: | .       .  ...+ |
Nov 29 22:18:49 ip-10-0-0-61 cloud-init[1320]: |             ...+|
Nov 29 22:18:49 ip-10-0-0-61 cloud-init[1320]: +----[SHA256]-----+
Nov 29 22:18:49 ip-10-0-0-61 cloud-init[1320]: Generating public/private ecdsa key pair.
Nov 29 22:18:49 ip-10-0-0-61 cloud-init[1320]: Your identification has been saved in /etc/ssh/ssh_host_ecdsa_key.
Nov 29 22:18:49 ip-10-0-0-61 cloud-init[1320]: Your public key has been saved in /etc/ssh/ssh_host_ecdsa_key.pub.
Nov 29 22:18:49 ip-10-0-0-61 cloud-init[1320]: The key fingerprint is:
Nov 29 22:18:49 ip-10-0-0-61 cloud-init[1320]: SHA256:h6Nla7QKVhhqQgC0G4LWhd7cJZDDkQbMuYi5AWZCDco root@ip-10-0-0-61
Nov 29 22:18:49 ip-10-0-0-61 cloud-init[1320]: The key's randomart image is:
Nov 29 22:18:49 ip-10-0-0-61 cloud-init[1320]: +---[ECDSA 256]---+
Nov 29 22:18:49 ip-10-0-0-61 cloud-init[1320]: |*+=.=+=          |
Nov 29 22:18:49 ip-10-0-0-61 cloud-init[1320]: |Boo*.* . .       |
Nov 29 22:18:49 ip-10-0-0-61 cloud-init[1320]: |XEo.* o o        |
Nov 29 22:18:49 ip-10-0-0-61 cloud-init[1320]: |B.o+ = . .       |
Nov 29 22:18:49 ip-10-0-0-61 cloud-init[1320]: |.+o . . S .      |
Nov 29 22:18:49 ip-10-0-0-61 cloud-init[1320]: |.o   . = =       |
Nov 29 22:18:49 ip-10-0-0-61 cloud-init[1320]: |    o . +        |
Nov 29 22:18:49 ip-10-0-0-61 cloud-init[1320]: |   . . o         |
Nov 29 22:18:49 ip-10-0-0-61 cloud-init[1320]: |      .          |
Nov 29 22:18:49 ip-10-0-0-61 cloud-init[1320]: +----[SHA256]-----+
Nov 29 22:18:49 ip-10-0-0-61 cloud-init[1320]: Generating public/private ed25519 key pair.
Nov 29 22:18:49 ip-10-0-0-61 cloud-init[1320]: Your identification has been saved in /etc/ssh/ssh_host_ed25519_key.
Nov 29 22:18:49 ip-10-0-0-61 cloud-init[1320]: Your public key has been saved in /etc/ssh/ssh_host_ed25519_key.pub.
Nov 29 22:18:49 ip-10-0-0-61 cloud-init[1320]: The key fingerprint is:
Nov 29 22:18:49 ip-10-0-0-61 cloud-init[1320]: SHA256:A+8FsBoeO3XQlsfy1h57qgIcL7rXrfLleRfO28O/1Uw root@ip-10-0-0-61
Nov 29 22:18:49 ip-10-0-0-61 cloud-init[1320]: The key's randomart image is:
Nov 29 22:18:49 ip-10-0-0-61 cloud-init[1320]: +--[ED25519 256]--+
Nov 29 22:18:49 ip-10-0-0-61 cloud-init[1320]: |      o. o       |
Nov 29 22:18:49 ip-10-0-0-61 cloud-init[1320]: |       += o      |
Nov 29 22:18:49 ip-10-0-0-61 cloud-init[1320]: |    o +.o+ .     |
Nov 29 22:18:49 ip-10-0-0-61 cloud-init[1320]: |   . *.+ .o o    |
Nov 29 22:18:49 ip-10-0-0-61 cloud-init[1320]: |    =. oS... o  E|
Nov 29 22:18:49 ip-10-0-0-61 cloud-init[1320]: |     .+..o  o oo.|
Nov 29 22:18:49 ip-10-0-0-61 cloud-init[1320]: |     . +...  =..+|
Nov 29 22:18:49 ip-10-0-0-61 cloud-init[1320]: |    . o oo..o ++.|
Nov 29 22:18:49 ip-10-0-0-61 systemd[1]: Started Initial cloud-init job (metadata service crawler).
Nov 29 22:18:49 ip-10-0-0-61 cloud-init[1320]: |    .o ooo+o ..o*|
Nov 29 22:18:49 ip-10-0-0-61 cloud-init[1320]: +----[SHA256]-----+
Nov 29 22:18:49 ip-10-0-0-61 pollinate[1411]: client sent challenge to [https://entropy.ubuntu.com/]
Nov 29 22:18:49 ip-10-0-0-61 systemd[1]: Reached target System Initialization.
Nov 29 22:18:49 ip-10-0-0-61 dbus[1424]: [system] AppArmor D-Bus mediation is enabled
Nov 29 22:18:49 ip-10-0-0-61 systemd[1]: Started ACPI Events Check.
Nov 29 22:18:49 ip-10-0-0-61 acpid: starting up with netlink and the input layer
Nov 29 22:18:49 ip-10-0-0-61 systemd[1]: Reached target Paths.
Nov 29 22:18:49 ip-10-0-0-61 acpid: 1 rule loaded
Nov 29 22:18:49 ip-10-0-0-61 systemd[1]: Listening on D-Bus System Message Bus Socket.
Nov 29 22:18:49 ip-10-0-0-61 acpid: waiting for events: event logging is off
Nov 29 22:18:49 ip-10-0-0-61 systemd[1]: Starting Socket activation for snappy daemon.
Nov 29 22:18:49 ip-10-0-0-61 cron[1468]: (CRON) INFO (pidfile fd = 3)
Nov 29 22:18:49 ip-10-0-0-61 systemd[1]: Started Daily Cleanup of Temporary Directories.
Nov 29 22:18:49 ip-10-0-0-61 cron[1468]: (CRON) INFO (Running @reboot jobs)
Nov 29 22:18:49 ip-10-0-0-61 systemd[1]: Listening on ACPID Listen Socket.
Nov 29 22:18:49 ip-10-0-0-61 iscsid: iSCSI logger with pid=1489 started!
Nov 29 22:18:49 ip-10-0-0-61 lxcfs[1420]: hierarchies:
Nov 29 22:18:49 ip-10-0-0-61 lxcfs[1420]:   0: fd:   5: pids
Nov 29 22:18:49 ip-10-0-0-61 lxcfs[1420]:   1: fd:   6: devices
Nov 29 22:18:49 ip-10-0-0-61 lxcfs[1420]:   2: fd:   7: cpuset
Nov 29 22:18:49 ip-10-0-0-61 lxcfs[1420]:   3: fd:   8: perf_event
Nov 29 22:18:49 ip-10-0-0-61 lxcfs[1420]:   4: fd:   9: blkio
Nov 29 22:18:49 ip-10-0-0-61 lxcfs[1420]:   5: fd:  10: cpu,cpuacct
Nov 29 22:18:49 ip-10-0-0-61 lxcfs[1420]:   6: fd:  11: freezer
Nov 29 22:18:49 ip-10-0-0-61 lxcfs[1420]:   7: fd:  12: net_cls,net_prio
Nov 29 22:18:49 ip-10-0-0-61 lxcfs[1420]:   8: fd:  13: hugetlb
Nov 29 22:18:49 ip-10-0-0-61 lxcfs[1420]:   9: fd:  14: memory
Nov 29 22:18:49 ip-10-0-0-61 lxcfs[1420]:  10: fd:  15: name=systemd
Nov 29 22:18:49 ip-10-0-0-61 systemd[1]: Listening on UUID daemon activation socket.
Nov 29 22:18:49 ip-10-0-0-61 iscsid: iSCSI daemon with pid=1490 started!
Nov 29 22:18:49 ip-10-0-0-61 systemd[1]: Started Daily apt download activities.
Nov 29 22:18:49 ip-10-0-0-61 dbus[1424]: [system] Activating via systemd: service name='org.freedesktop.PolicyKit1' unit='polkitd.service'
Nov 29 22:18:49 ip-10-0-0-61 systemd[1]: Started Daily apt upgrade and clean activities.
Nov 29 22:18:49 ip-10-0-0-61 polkitd[1501]: started daemon version 0.105 using authority implementation `local' version `0.105'
Nov 29 22:18:49 ip-10-0-0-61 systemd[1]: Reached target Timers.
Nov 29 22:18:49 ip-10-0-0-61 dbus[1424]: [system] Successfully activated service 'org.freedesktop.PolicyKit1'
Nov 29 22:18:49 ip-10-0-0-61 systemd[1]: Starting LXD - unix socket.
Nov 29 22:18:49 ip-10-0-0-61 accounts-daemon[1415]: started daemon version 0.6.40
Nov 29 22:18:49 ip-10-0-0-61 mdadm[1470]:  * Starting MD monitoring service mdadm --monitor
Nov 29 22:18:49 ip-10-0-0-61 mdadm[1470]:    ...done.
Nov 29 22:18:50 ip-10-0-0-61 systemd[1]: Reached target Network is Online.
Nov 29 22:18:50 ip-10-0-0-61 pollinate[1411]: client verified challenge/response with [https://entropy.ubuntu.com/]
Nov 29 22:18:50 ip-10-0-0-61 systemd[1]: Starting iSCSI initiator daemon (iscsid)...
Nov 29 22:18:50 ip-10-0-0-61 pollinate[1411]: client hashed response from [https://entropy.ubuntu.com/]
Nov 29 22:18:50 ip-10-0-0-61 systemd[1]: Reached target Cloud-config availability.
Nov 29 22:18:50 ip-10-0-0-61 pollinate[1411]: client successfully seeded [/dev/urandom]
Nov 29 22:18:50 ip-10-0-0-61 systemd[1]: Listening on Socket activation for snappy daemon.
Nov 29 22:18:50 ip-10-0-0-61 systemd[1]: Listening on LXD - unix socket.
Nov 29 22:18:50 ip-10-0-0-61 iscsiadm[1506]: iscsiadm: No records found
Nov 29 22:18:50 ip-10-0-0-61 systemd[1]: Reached target Sockets.
Nov 29 22:18:50 ip-10-0-0-61 systemd[1]: Reached target Basic System.
Nov 29 22:18:50 ip-10-0-0-61 systemd[1]: Starting LXD - container startup/shutdown...
Nov 29 22:18:50 ip-10-0-0-61 systemd[1]: Starting Pollinate to seed the pseudo random number generator...
Nov 29 22:18:50 ip-10-0-0-61 apport[1518]:  * Starting automatic crash report generation: apport
Nov 29 22:18:50 ip-10-0-0-61 apport[1518]:    ...done.
Nov 29 22:18:50 ip-10-0-0-61 systemd[1]: Starting Login Service...
Nov 29 22:18:50 ip-10-0-0-61 irqbalance[1521]:  * Starting SMP IRQ Balancer: irqbalance
Nov 29 22:18:50 ip-10-0-0-61 irqbalance[1521]:    ...done.
Nov 29 22:18:50 ip-10-0-0-61 systemd[1]: Starting Accounts Service...
Nov 29 22:18:50 ip-10-0-0-61 systemd[1]: Starting LSB: Record successful boot for GRUB...
Nov 29 22:18:50 ip-10-0-0-61 systemd[1]: Started FUSE filesystem for LXC.
Nov 29 22:18:50 ip-10-0-0-61 systemd[1]: Starting /etc/rc.local Compatibility...
Nov 29 22:18:50 ip-10-0-0-61 systemd[1]: Started D-Bus System Message Bus.
Nov 29 22:18:50 ip-10-0-0-61 systemd[1]: Started ACPI event daemon.
Nov 29 22:18:50 ip-10-0-0-61 systemd[1]: Started Unattended Upgrades Shutdown.
Nov 29 22:18:50 ip-10-0-0-61 systemd[1]: Starting System Logging Service...
Nov 29 22:18:50 ip-10-0-0-61 systemd[1]: Started Deferred execution scheduler.
Nov 29 22:18:50 ip-10-0-0-61 systemd[1]: Started Regular background program processing daemon.
Nov 29 22:18:50 ip-10-0-0-61 systemd[1]: Starting LSB: MD monitoring daemon...
Nov 29 22:18:50 ip-10-0-0-61 systemd[1]: Starting Snappy daemon...
Nov 29 22:18:50 ip-10-0-0-61 systemd[1]: Started /etc/rc.local Compatibility.
Nov 29 22:18:50 ip-10-0-0-61 systemd[1]: Started Login Service.
Nov 29 22:18:50 ip-10-0-0-61 systemd[1]: iscsid.service: Failed to read PID from file /run/iscsid.pid: Invalid argument
Nov 29 22:18:50 ip-10-0-0-61 systemd[1]: Started iSCSI initiator daemon (iscsid).
Nov 29 22:18:50 ip-10-0-0-61 systemd[1]: Starting Login to default iSCSI targets...
Nov 29 22:18:50 ip-10-0-0-61 systemd[1]: Started System Logging Service.
Nov 29 22:18:50 ip-10-0-0-61 systemd[1]: Started LSB: Record successful boot for GRUB.
Nov 29 22:18:50 ip-10-0-0-61 systemd[1]: Started LSB: MD monitoring daemon.
Nov 29 22:18:50 ip-10-0-0-61 systemd[1]: Starting Authenticate and Authorize Users to Run Privileged Tasks...
Nov 29 22:18:50 ip-10-0-0-61 systemd[1]: Started Login to default iSCSI targets.
Nov 29 22:18:50 ip-10-0-0-61 systemd[1]: Reached target Remote File Systems (Pre).
Nov 29 22:18:50 ip-10-0-0-61 systemd[1]: Reached target Remote File Systems.
Nov 29 22:18:50 ip-10-0-0-61 systemd[1]: Starting LSB: Set the CPU Frequency Scaling governor to "ondemand"...
Nov 29 22:18:50 ip-10-0-0-61 systemd[1]: Starting Permit User Sessions...
Nov 29 22:18:50 ip-10-0-0-61 systemd[1]: Starting LSB: automatic crash report generation...
Nov 29 22:18:50 ip-10-0-0-61 systemd[1]: Starting LSB: daemon to balance interrupts for SMP systems...
Nov 29 22:18:50 ip-10-0-0-61 systemd[1]: Started LSB: Set the CPU Frequency Scaling governor to "ondemand".
Nov 29 22:18:50 ip-10-0-0-61 systemd[1]: Started Permit User Sessions.
Nov 29 22:18:50 ip-10-0-0-61 systemd[1]: Starting Terminate Plymouth Boot Screen...
Nov 29 22:18:50 ip-10-0-0-61 systemd[1]: Starting Hold until boot process finishes up...
Nov 29 22:18:50 ip-10-0-0-61 systemd[1]: Started Hold until boot process finishes up.
Nov 29 22:18:50 ip-10-0-0-61 systemd[1]: Started Terminate Plymouth Boot Screen.
Nov 29 22:18:50 ip-10-0-0-61 systemd[1]: Started Authenticate and Authorize Users to Run Privileged Tasks.
Nov 29 22:18:50 ip-10-0-0-61 systemd[1]: Started LSB: automatic crash report generation.
Nov 29 22:18:50 ip-10-0-0-61 systemd[1]: Started LSB: daemon to balance interrupts for SMP systems.
Nov 29 22:18:50 ip-10-0-0-61 systemd[1]: Started Accounts Service.
Nov 29 22:18:50 ip-10-0-0-61 systemd[1]: Started Getty on tty1.
Nov 29 22:18:50 ip-10-0-0-61 systemd[1]: Started Serial Getty on ttyS0.
Nov 29 22:18:50 ip-10-0-0-61 systemd[1]: Reached target Login Prompts.
Nov 29 22:18:50 ip-10-0-0-61 systemd[1]: Starting Set console scheme...
Nov 29 22:18:50 ip-10-0-0-61 systemd[1]: Started Set console scheme.
Nov 29 22:18:50 ip-10-0-0-61 systemd[1]: Started Pollinate to seed the pseudo random number generator.
Nov 29 22:18:50 ip-10-0-0-61 systemd[1]: Starting OpenBSD Secure Shell server...
Nov 29 22:18:50 ip-10-0-0-61 systemd[1]: Started LXD - container startup/shutdown.
Nov 29 22:18:50 ip-10-0-0-61 systemd[1]: Started OpenBSD Secure Shell server.
Nov 29 22:18:50 ip-10-0-0-61 snapd[1472]: AppArmor status: apparmor is enabled and all features are available
Nov 29 22:18:50 ip-10-0-0-61 snapd[1472]: 2018/11/29 22:18:50.255754 helpers.go:119: error trying to compare the snap system key: system-key missing on disk
Nov 29 22:18:50 ip-10-0-0-61 snapd[1472]: 2018/11/29 22:18:50.260251 daemon.go:343: started snapd/2.34.2 (series 16; classic) ubuntu/16.04 (amd64) linux/4.4.0-1067-aws.
Nov 29 22:18:50 ip-10-0-0-61 systemd[1]: Started Snappy daemon.
Nov 29 22:18:50 ip-10-0-0-61 systemd[1]: Starting Wait until snapd is fully seeded...
Nov 29 22:18:55 ip-10-0-0-61 systemd[1]: Reloading.
Nov 29 22:18:55 ip-10-0-0-61 systemd[1]: Started ACPI event daemon.
Nov 29 22:18:55 ip-10-0-0-61 systemd[1]: Reloading.
Nov 29 22:18:55 ip-10-0-0-61 systemd[1]: Started ACPI event daemon.
Nov 29 22:18:55 ip-10-0-0-61 systemd[1]: Mounting Mount unit for core, revision 5328...
Nov 29 22:18:55 ip-10-0-0-61 systemd[1]: Mounted Mount unit for core, revision 5328.
Nov 29 22:18:55 ip-10-0-0-61 snapd[1472]: 2018/11/29 22:18:55.663784 backend.go:303: cannot create host snap-confine apparmor configuration: cannot synchronize snap-confine apparmor profile: open /var/lib/snapd/apparmor/profiles/snap-confine.core.5328.jWfShBVv6nDC~: no such file or directory
Nov 29 22:18:55 ip-10-0-0-61 kernel: [   22.916760] audit_printk_skb: 9 callbacks suppressed
Nov 29 22:18:55 ip-10-0-0-61 kernel: [   22.916763] audit: type=1400 audit(1543529935.676:15): apparmor="STATUS" operation="profile_load" profile="unconfined" name="snap-update-ns.core" pid=2152 comm="apparmor_parser"
Nov 29 22:18:55 ip-10-0-0-61 kernel: [   22.987575] audit: type=1400 audit(1543529935.748:16): apparmor="STATUS" operation="profile_load" profile="unconfined" name="snap.core.hook.configure" pid=2154 comm="apparmor_parser"
Nov 29 22:18:56 ip-10-0-0-61 snapd[1472]: 2018/11/29 22:18:56.860710 daemon.go:531: gracefully waiting for running hooks
Nov 29 22:18:56 ip-10-0-0-61 snapd[1472]: 2018/11/29 22:18:56.860728 daemon.go:533: done waiting for running hooks
Nov 29 22:18:57 ip-10-0-0-61 systemd[1]: snapd.service: Service hold-off time over, scheduling restart.
Nov 29 22:18:57 ip-10-0-0-61 systemd[1]: Stopped Snappy daemon.
Nov 29 22:18:57 ip-10-0-0-61 systemd[1]: Starting Snappy daemon...
Nov 29 22:18:57 ip-10-0-0-61 snapd[2286]: AppArmor status: apparmor is enabled and all features are available
Nov 29 22:18:57 ip-10-0-0-61 kernel: [   25.118355] audit: type=1400 audit(1543529937.876:17): apparmor="STATUS" operation="profile_load" profile="unconfined" name="/snap/core/5328/usr/lib/snapd/snap-confine" pid=2312 comm="apparmor_parser"
Nov 29 22:18:57 ip-10-0-0-61 kernel: [   25.118497] audit: type=1400 audit(1543529937.876:18): apparmor="STATUS" operation="profile_load" profile="unconfined" name="/snap/core/5328/usr/lib/snapd/snap-confine//mount-namespace-capture-helper" pid=2312 comm="apparmor_parser"
Nov 29 22:18:57 ip-10-0-0-61 kernel: [   25.138669] audit: type=1400 audit(1543529937.896:19): apparmor="STATUS" operation="profile_replace" profile="unconfined" name="snap-update-ns.core" pid=2314 comm="apparmor_parser"
Nov 29 22:18:57 ip-10-0-0-61 kernel: [   25.200014] audit: type=1400 audit(1543529937.960:20): apparmor="STATUS" operation="profile_replace" profile="unconfined" name="snap.core.hook.configure" pid=2316 comm="apparmor_parser"
Nov 29 22:18:57 ip-10-0-0-61 snapd[2286]: AppArmor status: apparmor is enabled and all features are available
Nov 29 22:18:58 ip-10-0-0-61 snapd[2286]: daemon.go:344: started snapd/2.35 (series 16; classic) ubuntu/16.04 (amd64) linux/4.4.0-1067-aws.
Nov 29 22:18:58 ip-10-0-0-61 systemd[1]: Started Snappy daemon.
Nov 29 22:18:58 ip-10-0-0-61 systemd[1]: Reloading.
Nov 29 22:18:58 ip-10-0-0-61 systemd[1]: Started ACPI event daemon.
Nov 29 22:18:58 ip-10-0-0-61 systemd[1]: Reloading.
Nov 29 22:18:58 ip-10-0-0-61 systemd[1]: Started ACPI event daemon.
Nov 29 22:18:58 ip-10-0-0-61 systemd[1]: Mounting Mount unit for amazon-ssm-agent, revision 495...
Nov 29 22:18:58 ip-10-0-0-61 systemd[1]: Mounted Mount unit for amazon-ssm-agent, revision 495.
Nov 29 22:18:58 ip-10-0-0-61 kernel: [   25.976283] audit: type=1400 audit(1543529938.736:21): apparmor="STATUS" operation="profile_load" profile="unconfined" name="snap-update-ns.amazon-ssm-agent" pid=2599 comm="apparmor_parser"
Nov 29 22:18:58 ip-10-0-0-61 kernel: [   25.980143] audit: type=1400 audit(1543529938.740:22): apparmor="STATUS" operation="profile_load" profile="unconfined" name="snap.amazon-ssm-agent.amazon-ssm-agent" pid=2601 comm="apparmor_parser"
Nov 29 22:18:58 ip-10-0-0-61 kernel: [   25.983679] audit: type=1400 audit(1543529938.744:23): apparmor="STATUS" operation="profile_load" profile="unconfined" name="snap.amazon-ssm-agent.ssm-cli" pid=2603 comm="apparmor_parser"
Nov 29 22:18:58 ip-10-0-0-61 systemd[1]: Reloading.
Nov 29 22:18:58 ip-10-0-0-61 systemd[1]: Started ACPI event daemon.
Nov 29 22:18:58 ip-10-0-0-61 systemd[1]: Reloading.
Nov 29 22:18:58 ip-10-0-0-61 systemd[1]: Started ACPI event daemon.
Nov 29 22:18:58 ip-10-0-0-61 systemd[1]: Started Service for snap application amazon-ssm-agent.amazon-ssm-agent.
Nov 29 22:18:59 ip-10-0-0-61 systemd[1]: Started Wait until snapd is fully seeded.
Nov 29 22:18:59 ip-10-0-0-61 systemd[1]: Reached target Multi-User System.
Nov 29 22:18:59 ip-10-0-0-61 systemd[1]: Reached target Graphical Interface.
Nov 29 22:18:59 ip-10-0-0-61 systemd[1]: Starting Update UTMP about System Runlevel Changes...
Nov 29 22:18:59 ip-10-0-0-61 systemd[1]: Starting Apply the settings specified in cloud-config...
Nov 29 22:18:59 ip-10-0-0-61 systemd[1]: Started Update UTMP about System Runlevel Changes.
Nov 29 22:18:59 ip-10-0-0-61 cloud-init[2672]: Generating locales (this might take a while)...
Nov 29 22:18:59 ip-10-0-0-61 amazon-ssm-agent.amazon-ssm-agent[2659]: 2018/11/29 22:18:59 Failed to load instance info from vault. RegistrationKey does not exist.
Nov 29 22:18:59 ip-10-0-0-61 amazon-ssm-agent.amazon-ssm-agent[2659]: Error occurred fetching the seelog config file path:  open /etc/amazon/ssm/seelog.xml: no such file or directory
Nov 29 22:18:59 ip-10-0-0-61 amazon-ssm-agent.amazon-ssm-agent[2659]: Initializing new seelog logger
Nov 29 22:18:59 ip-10-0-0-61 amazon-ssm-agent.amazon-ssm-agent[2659]: New Seelog Logger Creation Complete
Nov 29 22:18:59 ip-10-0-0-61 amazon-ssm-agent.amazon-ssm-agent[2659]: 2018-11-29 22:18:59 ERROR Error adding the directory to watcher: no such file or directory
Nov 29 22:18:59 ip-10-0-0-61 amazon-ssm-agent.amazon-ssm-agent[2659]: 2018-11-29 22:18:59 INFO Agent enters hibernate mode. Reducing logging...
Nov 29 22:19:00 ip-10-0-0-61 cloud-init[2672]:   en_US.UTF-8... done
Nov 29 22:19:00 ip-10-0-0-61 cloud-init[2672]: Generation complete.
Nov 29 22:19:00 ip-10-0-0-61 cloud-init[2672]: Cloud-init v. 18.3-9-g2e62cb8a-0ubuntu1~16.04.2 running 'modules:config' at Thu, 29 Nov 2018 22:18:59 +0000. Up 20.03 seconds.
Nov 29 22:19:00 ip-10-0-0-61 systemd[1]: Started Apply the settings specified in cloud-config.
Nov 29 22:19:00 ip-10-0-0-61 systemd[1]: Starting Execute cloud user/final scripts...
Nov 29 22:19:01 ip-10-0-0-61 ec2: 
Nov 29 22:19:01 ip-10-0-0-61 ec2: #############################################################
Nov 29 22:19:01 ip-10-0-0-61 ec2: -----BEGIN SSH HOST KEY FINGERPRINTS-----
Nov 29 22:19:01 ip-10-0-0-61 ec2: 1024 SHA256:L+GIsQi4x0wWRt5oVybYdL0P/08n7S8FsVIT3uaV2hg root@ip-10-0-0-61 (DSA)
Nov 29 22:19:01 ip-10-0-0-61 ec2: 256 SHA256:h6Nla7QKVhhqQgC0G4LWhd7cJZDDkQbMuYi5AWZCDco root@ip-10-0-0-61 (ECDSA)
Nov 29 22:19:01 ip-10-0-0-61 ec2: 256 SHA256:A+8FsBoeO3XQlsfy1h57qgIcL7rXrfLleRfO28O/1Uw root@ip-10-0-0-61 (ED25519)
Nov 29 22:19:01 ip-10-0-0-61 ec2: 2048 SHA256:YUuSdl1mvrz939NJAMz4hgtFPF7wEbpHYDIqALa5EVQ root@ip-10-0-0-61 (RSA)
Nov 29 22:19:01 ip-10-0-0-61 ec2: -----END SSH HOST KEY FINGERPRINTS-----
Nov 29 22:19:01 ip-10-0-0-61 ec2: #############################################################
Nov 29 22:19:01 ip-10-0-0-61 cloud-init[2750]: Cloud-init v. 18.3-9-g2e62cb8a-0ubuntu1~16.04.2 running 'modules:final' at Thu, 29 Nov 2018 22:19:01 +0000. Up 21.78 seconds.
Nov 29 22:19:01 ip-10-0-0-61 cloud-init[2750]: Cloud-init v. 18.3-9-g2e62cb8a-0ubuntu1~16.04.2 finished at Thu, 29 Nov 2018 22:19:01 +0000. Datasource DataSourceEc2Local.  Up 21.94 seconds
Nov 29 22:19:01 ip-10-0-0-61 systemd[1]: Started Execute cloud user/final scripts.
Nov 29 22:19:01 ip-10-0-0-61 systemd[1]: Reached target Cloud-init target.
Nov 29 22:19:01 ip-10-0-0-61 systemd[1]: Startup finished in 5.049s (kernel) + 16.928s (userspace) = 21.977s.
Nov 29 22:19:17 ip-10-0-0-61 systemd-timesyncd[1029]: Synchronized to time server 91.189.91.157:123 (ntp.ubuntu.com).
Nov 29 22:19:52 ip-10-0-0-61 systemd[1]: Created slice User Slice of ubuntu.
Nov 29 22:19:52 ip-10-0-0-61 systemd[1]: Starting User Manager for UID 1000...
Nov 29 22:19:52 ip-10-0-0-61 systemd[1]: Started Session 1 of user ubuntu.
Nov 29 22:19:52 ip-10-0-0-61 systemd[2774]: Reached target Paths.
Nov 29 22:19:52 ip-10-0-0-61 systemd[2774]: Reached target Sockets.
Nov 29 22:19:52 ip-10-0-0-61 systemd[2774]: Reached target Timers.
Nov 29 22:19:52 ip-10-0-0-61 systemd[2774]: Reached target Basic System.
Nov 29 22:19:52 ip-10-0-0-61 systemd[2774]: Reached target Default.
Nov 29 22:19:52 ip-10-0-0-61 systemd[2774]: Startup finished in 11ms.
Nov 29 22:19:52 ip-10-0-0-61 systemd[1]: Started User Manager for UID 1000.
Nov 29 22:23:59 ip-10-0-0-61 amazon-ssm-agent.amazon-ssm-agent[2659]: 2018-11-29 22:23:59 INFO Backing off health check to every 600 minutes for 1800 minutes. Logging will be reduced to one log per backoff period
